Component: ARM Compiler 5.05 update 2 (build 169) Tool: armlink [4d0f33]

==============================================================================

Section Cross References

    startup_stm32f429_439xx.o(RESET) refers to startup_stm32f429_439xx.o(STACK) for __initial_sp
    startup_stm32f429_439xx.o(RESET) refers to startup_stm32f429_439xx.o(.text) for Reset_Handler
    startup_stm32f429_439xx.o(RESET) refers to stm32f4xx_it.o(i.NMI_Handler) for NMI_Handler
    startup_stm32f429_439xx.o(RESET) refers to stm32f4xx_it.o(i.HardFault_Handler) for HardFault_Handler
    startup_stm32f429_439xx.o(RESET) refers to stm32f4xx_it.o(i.MemManage_Handler) for MemManage_Handler
    startup_stm32f429_439xx.o(RESET) refers to stm32f4xx_it.o(i.BusFault_Handler) for BusFault_Handler
    startup_stm32f429_439xx.o(RESET) refers to stm32f4xx_it.o(i.UsageFault_Handler) for UsageFault_Handler
    startup_stm32f429_439xx.o(RESET) refers to stm32f4xx_it.o(i.SVC_Handler) for SVC_Handler
    startup_stm32f429_439xx.o(RESET) refers to stm32f4xx_it.o(i.DebugMon_Handler) for DebugMon_Handler
    startup_stm32f429_439xx.o(RESET) refers to stm32f4xx_it.o(i.PendSV_Handler) for PendSV_Handler
    startup_stm32f429_439xx.o(RESET) refers to stm32f4xx_it.o(i.SysTick_Handler) for SysTick_Handler
    startup_stm32f429_439xx.o(RESET) refers to mp3_audio.o(i.DMA2_Stream5_IRQHandler) for DMA2_Stream5_IRQHandler
    startup_stm32f429_439xx.o(.text) refers to system_stm32f4xx.o(i.SystemInit) for SystemInit
    startup_stm32f429_439xx.o(.text) refers to entry.o(.ARM.Collect$$$$00000000) for __main
    stm32f4xx_adc.o(i.ADC_DeInit) refers to stm32f4xx_rcc.o(i.RCC_APB2PeriphResetCmd) for RCC_APB2PeriphResetCmd
    stm32f4xx_can.o(i.CAN_DeInit) refers to stm32f4xx_rcc.o(i.RCC_APB1PeriphResetCmd) for RCC_APB1PeriphResetCmd
    stm32f4xx_can.o(i.CAN_GetITStatus) refers to stm32f4xx_can.o(i.CheckITStatus) for CheckITStatus
    stm32f4xx_cryp.o(i.CRYP_DeInit) refers to stm32f4xx_rcc.o(i.RCC_AHB2PeriphResetCmd) for RCC_AHB2PeriphResetCmd
    stm32f4xx_cryp_aes.o(i.CRYP_AES_CBC) refers to stm32f4xx_cryp.o(i.CRYP_KeyStructInit) for CRYP_KeyStructInit
    stm32f4xx_cryp_aes.o(i.CRYP_AES_CBC) refers to stm32f4xx_cryp.o(i.CRYP_KeyInit) for CRYP_KeyInit
    stm32f4xx_cryp_aes.o(i.CRYP_AES_CBC) refers to stm32f4xx_cryp.o(i.CRYP_Init) for CRYP_Init
    stm32f4xx_cryp_aes.o(i.CRYP_AES_CBC) refers to stm32f4xx_cryp.o(i.CRYP_IVInit) for CRYP_IVInit
    stm32f4xx_cryp_aes.o(i.CRYP_AES_CBC) refers to stm32f4xx_cryp.o(i.CRYP_FIFOFlush) for CRYP_FIFOFlush
    stm32f4xx_cryp_aes.o(i.CRYP_AES_CBC) refers to stm32f4xx_cryp.o(i.CRYP_Cmd) for CRYP_Cmd
    stm32f4xx_cryp_aes.o(i.CRYP_AES_CBC) refers to stm32f4xx_cryp.o(i.CRYP_GetCmdStatus) for CRYP_GetCmdStatus
    stm32f4xx_cryp_aes.o(i.CRYP_AES_CBC) refers to stm32f4xx_cryp.o(i.CRYP_GetFlagStatus) for CRYP_GetFlagStatus
    stm32f4xx_cryp_aes.o(i.CRYP_AES_CBC) refers to stm32f4xx_cryp.o(i.CRYP_DataIn) for CRYP_DataIn
    stm32f4xx_cryp_aes.o(i.CRYP_AES_CBC) refers to stm32f4xx_cryp.o(i.CRYP_DataOut) for CRYP_DataOut
    stm32f4xx_cryp_aes.o(i.CRYP_AES_CCM) refers to stm32f4xx_cryp.o(i.CRYP_KeyStructInit) for CRYP_KeyStructInit
    stm32f4xx_cryp_aes.o(i.CRYP_AES_CCM) refers to stm32f4xx_cryp.o(i.CRYP_FIFOFlush) for CRYP_FIFOFlush
    stm32f4xx_cryp_aes.o(i.CRYP_AES_CCM) refers to stm32f4xx_cryp.o(i.CRYP_KeyInit) for CRYP_KeyInit
    stm32f4xx_cryp_aes.o(i.CRYP_AES_CCM) refers to stm32f4xx_cryp.o(i.CRYP_IVInit) for CRYP_IVInit
    stm32f4xx_cryp_aes.o(i.CRYP_AES_CCM) refers to stm32f4xx_cryp.o(i.CRYP_Init) for CRYP_Init
    stm32f4xx_cryp_aes.o(i.CRYP_AES_CCM) refers to stm32f4xx_cryp.o(i.CRYP_PhaseConfig) for CRYP_PhaseConfig
    stm32f4xx_cryp_aes.o(i.CRYP_AES_CCM) refers to stm32f4xx_cryp.o(i.CRYP_DataIn) for CRYP_DataIn
    stm32f4xx_cryp_aes.o(i.CRYP_AES_CCM) refers to stm32f4xx_cryp.o(i.CRYP_Cmd) for CRYP_Cmd
    stm32f4xx_cryp_aes.o(i.CRYP_AES_CCM) refers to stm32f4xx_cryp.o(i.CRYP_GetCmdStatus) for CRYP_GetCmdStatus
    stm32f4xx_cryp_aes.o(i.CRYP_AES_CCM) refers to stm32f4xx_cryp.o(i.CRYP_GetFlagStatus) for CRYP_GetFlagStatus
    stm32f4xx_cryp_aes.o(i.CRYP_AES_CCM) refers to stm32f4xx_cryp.o(i.CRYP_DataOut) for CRYP_DataOut
    stm32f4xx_cryp_aes.o(i.CRYP_AES_CTR) refers to stm32f4xx_cryp.o(i.CRYP_KeyStructInit) for CRYP_KeyStructInit
    stm32f4xx_cryp_aes.o(i.CRYP_AES_CTR) refers to stm32f4xx_cryp.o(i.CRYP_KeyInit) for CRYP_KeyInit
    stm32f4xx_cryp_aes.o(i.CRYP_AES_CTR) refers to stm32f4xx_cryp.o(i.CRYP_Init) for CRYP_Init
    stm32f4xx_cryp_aes.o(i.CRYP_AES_CTR) refers to stm32f4xx_cryp.o(i.CRYP_IVInit) for CRYP_IVInit
    stm32f4xx_cryp_aes.o(i.CRYP_AES_CTR) refers to stm32f4xx_cryp.o(i.CRYP_FIFOFlush) for CRYP_FIFOFlush
    stm32f4xx_cryp_aes.o(i.CRYP_AES_CTR) refers to stm32f4xx_cryp.o(i.CRYP_Cmd) for CRYP_Cmd
    stm32f4xx_cryp_aes.o(i.CRYP_AES_CTR) refers to stm32f4xx_cryp.o(i.CRYP_GetCmdStatus) for CRYP_GetCmdStatus
[...]
    ../clib/microlib/init/entry.s            0x00000000   Number         0  entry8b.o ABSOLUTE
    ../clib/microlib/init/entry.s            0x00000000   Number         0  entry10a.o ABSOLUTE
    ../clib/microlib/init/entry.s            0x00000000   Number         0  entry7a.o ABSOLUTE
    ../clib/microlib/init/entry.s            0x00000000   Number         0  entry7b.o ABSOLUTE
    ../clib/microlib/init/entry.s            0x00000000   Number         0  entry9b.o ABSOLUTE
    ../clib/microlib/init/entry.s            0x00000000   Number         0  entry9a.o ABSOLUTE
    ../clib/microlib/init/entry.s            0x00000000   Number         0  entry2.o ABSOLUTE
    ../clib/microlib/init/entry.s            0x00000000   Number         0  entry5.o ABSOLUTE
    ../clib/microlib/init/entry.s            0x00000000   Number         0  entry11a.o ABSOLUTE
    ../clib/microlib/init/entry.s            0x00000000   Number         0  entry11b.o ABSOLUTE
    ../clib/microlib/longlong.c              0x00000000   Number         0  llsshr.o ABSOLUTE
    ../clib/microlib/longlong.c              0x00000000   Number         0  llushr.o ABSOLUTE
    ../clib/microlib/longlong.c              0x00000000   Number         0  llshl.o ABSOLUTE
    ../clib/microlib/printf/printf.c         0x00000000   Number         0  printf6.o ABSOLUTE
    ../clib/microlib/printf/printf.c         0x00000000   Number         0  printf7.o ABSOLUTE
    ../clib/microlib/printf/printf.c         0x00000000   Number         0  printfa.o ABSOLUTE
    ../clib/microlib/printf/printf.c         0x00000000   Number         0  printf3.o ABSOLUTE
    ../clib/microlib/printf/printf.c         0x00000000   Number         0  printf8.o ABSOLUTE
    ../clib/microlib/printf/printf.c         0x00000000   Number         0  printf2.o ABSOLUTE
    ../clib/microlib/printf/printf.c         0x00000000   Number         0  printfb.o ABSOLUTE
    ../clib/microlib/printf/printf.c         0x00000000   Number         0  printf0.o ABSOLUTE
    ../clib/microlib/printf/printf.c         0x00000000   Number         0  printf1.o ABSOLUTE
    ../clib/microlib/printf/printf.c         0x00000000   Number         0  printf5.o ABSOLUTE
    ../clib/microlib/printf/printf.c         0x00000000   Number         0  printf4.o ABSOLUTE
    ../clib/microlib/printf/stubs.s          0x00000000   Number         0  stubs.o ABSOLUTE
    ../clib/microlib/string/memcpy.c         0x00000000   Number         0  memcpya.o ABSOLUTE
    ../clib/microlib/string/memcpy.c         0x00000000   Number         0  memmoveb.o ABSOLUTE
    ../clib/microlib/string/memcpy.c         0x00000000   Number         0  memcpyb.o ABSOLUTE
    ../clib/microlib/string/memcpy.c         0x00000000   Number         0  memmovea.o ABSOLUTE
    ../clib/microlib/string/memset.c         0x00000000   Number         0  memseta.o ABSOLUTE
    ../clib/microlib/string/strstr.c         0x00000000   Number         0  strstr.o ABSOLUTE
    ../clib/microlib/stubs.s                 0x00000000   Number         0  iusefp.o ABSOLUTE
    ../fplib/microlib/fpadd.c                0x00000000   Number         0  dadd.o ABSOLUTE
    ../fplib/microlib/fpdiv.c                0x00000000   Number         0  ddiv.o ABSOLUTE
    ../fplib/microlib/fpepilogue.c           0x00000000   Number         0  depilogue.o ABSOLUTE
    ../fplib/microlib/fpfix.c                0x00000000   Number         0  dfixul.o ABSOLUTE
    ../fplib/microlib/fpmul.c                0x00000000   Number         0  dmul.o ABSOLUTE
    ..\Libraries\CMSIS\Device\ST\STM32F4xx\Source\Templates\arm\startup_stm32f429_439xx.s 0x00000000   Number         0  startup_stm32f429_439xx.o ABSOLUTE
    ..\Libraries\STM32F4xx_StdPeriph_Driver\src\misc.c 0x00000000   Number         0  misc.o ABSOLUTE
    ..\Libraries\STM32F4xx_StdPeriph_Driver\src\stm32f4xx_adc.c 0x00000000   Number         0  stm32f4xx_adc.o ABSOLUTE
    ..\Libraries\STM32F4xx_StdPeriph_Driver\src\stm32f4xx_can.c 0x00000000   Number         0  stm32f4xx_can.o ABSOLUTE
    ..\Libraries\STM32F4xx_StdPeriph_Driver\src\stm32f4xx_crc.c 0x00000000   Number         0  stm32f4xx_crc.o ABSOLUTE
    ..\Libraries\STM32F4xx_StdPeriph_Driver\src\stm32f4xx_cryp.c 0x00000000   Number         0  stm32f4xx_cryp.o ABSOLUTE
    ..\Libraries\STM32F4xx_StdPeriph_Driver\src\stm32f4xx_cryp_aes.c 0x00000000   Number         0  stm32f4xx_cryp_aes.o ABSOLUTE
    ..\Libraries\STM32F4xx_StdPeriph_Driver\src\stm32f4xx_cryp_des.c 0x00000000   Number         0  stm32f4xx_cryp_des.o ABSOLUTE
    ..\Libraries\STM32F4xx_StdPeriph_Driver\src\stm32f4xx_cryp_tdes.c 0x00000000   Number         0  stm32f4xx_cryp_tdes.o ABSOLUTE
    ..\Libraries\STM32F4xx_StdPeriph_Driver\src\stm32f4xx_dac.c 0x00000000   Number         0  stm32f4xx_dac.o ABSOLUTE
    ..\Libraries\STM32F4xx_StdPeriph_Driver\src\stm32f4xx_dbgmcu.c 0x00000000   Number         0  stm32f4xx_dbgmcu.o ABSOLUTE
    ..\Libraries\STM32F4xx_StdPeriph_Driver\src\stm32f4xx_dcmi.c 0x00000000   Number         0  stm32f4xx_dcmi.o ABSOLUTE
    ..\Libraries\STM32F4xx_StdPeriph_Driver\src\stm32f4xx_dma.c 0x00000000   Number         0  stm32f4xx_dma.o ABSOLUTE
    ..\Libraries\STM32F4xx_StdPeriph_Driver\src\stm32f4xx_dma2d.c 0x00000000   Number         0  stm32f4xx_dma2d.o ABSOLUTE
    ..\Libraries\STM32F4xx_StdPeriph_Driver\src\stm32f4xx_exti.c 0x00000000   Number         0  stm32f4xx_exti.o ABSOLUTE
    ..\Libraries\STM32F4xx_StdPeriph_Driver\src\stm32f4xx_flash.c 0x00000000   Number         0  stm32f4xx_flash.o ABSOLUTE
    ..\Libraries\STM32F4xx_StdPeriph_Driver\src\stm32f4xx_flash_ramfunc.c 0x00000000   Number         0  stm32f4xx_flash_ramfunc.o ABSOLUTE
    ..\Libraries\STM32F4xx_StdPeriph_Driver\src\stm32f4xx_fmc.c 0x00000000   Number         0  stm32f4xx_fmc.o ABSOLUTE
    ..\Libraries\STM32F4xx_StdPeriph_Driver\src\stm32f4xx_gpio.c 0x00000000   Number         0  stm32f4xx_gpio.o ABSOLUTE
    ..\Libraries\STM32F4xx_StdPeriph_Driver\src\stm32f4xx_hash.c 0x00000000   Number         0  stm32f4xx_hash.o ABSOLUTE
    ..\Libraries\STM32F4xx_StdPeriph_Driver\src\stm32f4xx_hash_md5.c 0x00000000   Number         0  stm32f4xx_hash_md5.o ABSOLUTE
    ..\Libraries\STM32F4xx_StdPeriph_Driver\src\stm32f4xx_hash_sha1.c 0x00000000   Number         0  stm32f4xx_hash_sha1.o ABSOLUTE
    ..\Libraries\STM32F4xx_StdPeriph_Driver\src\stm32f4xx_i2c.c 0x00000000   Number         0  stm32f4xx_i2c.o ABSOLUTE
    ..\Libraries\STM32F4xx_StdPeriph_Driver\src\stm32f4xx_iwdg.c 0x00000000   Number         0  stm32f4xx_iwdg.o ABSOLUTE
    ..\Libraries\STM32F4xx_StdPeriph_Driver\src\stm32f4xx_ltdc.c 0x00000000   Number         0  stm32f4xx_ltdc.o ABSOLUTE
    ..\Libraries\STM32F4xx_StdPeriph_Driver\src\stm32f4xx_pwr.c 0x00000000   Number         0  stm32f4xx_pwr.o ABSOLUTE
    ..\Libraries\STM32F4xx_StdPeriph_Driver\src\stm32f4xx_rcc.c 0x00000000   Number         0  stm32f4xx_rcc.o ABSOLUTE
    ..\Libraries\STM32F4xx_StdPeriph_Driver\src\stm32f4xx_rng.c 0x00000000   Number         0  stm32f4xx_rng.o ABSOLUTE
    ..\Libraries\STM32F4xx_StdPeriph_Driver\src\stm32f4xx_rtc.c 0x00000000   Number         0  stm32f4xx_rtc.o ABSOLUTE
    ..\Libraries\STM32F4xx_StdPeriph_Driver\src\stm32f4xx_sai.c 0x00000000   Number         0  stm32f4xx_sai.o ABSOLUTE
    ..\Libraries\STM32F4xx_StdPeriph_Driver\src\stm32f4xx_sdio.c 0x00000000   Number         0  stm32f4xx_sdio.o ABSOLUTE
    ..\Libraries\STM32F4xx_StdPeriph_Driver\src\stm32f4xx_spi.c 0x00000000   Number         0  stm32f4xx_spi.o ABSOLUTE
    ..\Libraries\STM32F4xx_StdPeriph_Driver\src\stm32f4xx_syscfg.c 0x00000000   Number         0  stm32f4xx_syscfg.o ABSOLUTE
    ..\Libraries\STM32F4xx_StdPeriph_Driver\src\stm32f4xx_tim.c 0x00000000   Number         0  stm32f4xx_tim.o ABSOLUTE
    ..\Libraries\STM32F4xx_StdPeriph_Driver\src\stm32f4xx_usart.c 0x00000000   Number         0  stm32f4xx_usart.o ABSOLUTE
    ..\Libraries\STM32F4xx_StdPeriph_Driver\src\stm32f4xx_wwdg.c 0x00000000   Number         0  stm32f4xx_wwdg.o ABSOLUTE
    ..\USER\Audio\mp3_audio.c                0x00000000   Number         0  mp3_audio.o ABSOLUTE
    ..\USER\WM8978\audio.c                   0x00000000   Number         0  audio.o ABSOLUTE
    ..\USER\WM8978\wav.c                     0x00000000   Number         0  wav.o ABSOLUTE
    ..\USER\WM8978\wm8978.c                  0x00000000   Number         0  wm8978.o ABSOLUTE
    ..\USER\WM8978\wm8978_i2c.c              0x00000000   Number         0  wm8978_i2c.o ABSOLUTE
    ..\USER\helix\mp3dec.c                   0x00000000   Number         0  mp3dec.o ABSOLUTE
    ..\USER\helix\mp3tabs.c                  0x00000000   Number         0  mp3tabs.o ABSOLUTE
    ..\USER\helix\real\arm\asmmisc.s         0x00000000   Number         0  asmmisc.o ABSOLUTE
    ..\USER\helix\real\arm\asmpoly_thumb2.s  0x00000000   Number         0  asmpoly_thumb2.o ABSOLUTE
    ..\USER\helix\real\bitstream.c           0x00000000   Number         0  bitstream.o ABSOLUTE
    ..\USER\helix\real\buffers.c             0x00000000   Number         0  buffers.o ABSOLUTE
    ..\USER\helix\real\dct32.c               0x00000000   Number         0  dct32.o ABSOLUTE
    ..\USER\helix\real\dequant.c             0x00000000   Number         0  dequant.o ABSOLUTE
    ..\USER\helix\real\dqchan.c              0x00000000   Number         0  dqchan.o ABSOLUTE
    ..\USER\helix\real\huffman.c             0x00000000   Number         0  huffman.o ABSOLUTE
    ..\USER\helix\real\hufftabs.c            0x00000000   Number         0  hufftabs.o ABSOLUTE
    ..\USER\helix\real\imdct.c               0x00000000   Number         0  imdct.o ABSOLUTE
    ..\USER\helix\real\scalfact.c            0x00000000   Number         0  scalfact.o ABSOLUTE
    ..\USER\helix\real\stproc.c              0x00000000   Number         0  stproc.o ABSOLUTE
    ..\USER\helix\real\subband.c             0x00000000   Number         0  subband.o ABSOLUTE
    ..\USER\helix\real\trigtabs.c            0x00000000   Number         0  trigtabs.o ABSOLUTE
    ..\USER\main.c                           0x00000000   Number         0  main.o ABSOLUTE
    ..\USER\stm32f4xx_it.c                   0x00000000   Number         0  stm32f4xx_it.o ABSOLUTE
    ..\USER\system_stm32f4xx.c               0x00000000   Number         0  system_stm32f4xx.o ABSOLUTE
    ..\\Libraries\\STM32F4xx_StdPeriph_Driver\\src\\misc.c 0x00000000   Number         0  misc.o ABSOLUTE
    ..\\Libraries\\STM32F4xx_StdPeriph_Driver\\src\\stm32f4xx_adc.c 0x00000000   Number         0  stm32f4xx_adc.o ABSOLUTE
    ..\\Libraries\\STM32F4xx_StdPeriph_Driver\\src\\stm32f4xx_can.c 0x00000000   Number         0  stm32f4xx_can.o ABSOLUTE
    ..\\Libraries\\STM32F4xx_StdPeriph_Driver\\src\\stm32f4xx_crc.c 0x00000000   Number         0  stm32f4xx_crc.o ABSOLUTE
    ..\\Libraries\\STM32F4xx_StdPeriph_Driver\\src\\stm32f4xx_cryp.c 0x00000000   Number         0  stm32f4xx_cryp.o ABSOLUTE
    ..\\Libraries\\STM32F4xx_StdPeriph_Driver\\src\\stm32f4xx_cryp_aes.c 0x00000000   Number         0  stm32f4xx_cryp_aes.o ABSOLUTE
    ..\\Libraries\\STM32F4xx_StdPeriph_Driver\\src\\stm32f4xx_cryp_des.c 0x00000000   Number         0  stm32f4xx_cryp_des.o ABSOLUTE
    ..\\Libraries\\STM32F4xx_StdPeriph_Driver\\src\\stm32f4xx_cryp_tdes.c 0x00000000   Number         0  stm32f4xx_cryp_tdes.o ABSOLUTE
    ..\\Libraries\\STM32F4xx_StdPeriph_Driver\\src\\stm32f4xx_dac.c 0x00000000   Number         0  stm32f4xx_dac.o ABSOLUTE
    ..\\Libraries\\STM32F4xx_StdPeriph_Driver\\src\\stm32f4xx_dbgmcu.c 0x00000000   Number         0  stm32f4xx_dbgmcu.o ABSOLUTE
    ..\\Libraries\\STM32F4xx_StdPeriph_Driver\\src\\stm32f4xx_dcmi.c 0x00000000   Number         0  stm32f4xx_dcmi.o ABSOLUTE
    ..\\Libraries\\STM32F4xx_StdPeriph_Driver\\src\\stm32f4xx_dma.c 0x00000000   Number         0  stm32f4xx_dma.o ABSOLUTE
    ..\\Libraries\\STM32F4xx_StdPeriph_Driver\\src\\stm32f4xx_dma2d.c 0x00000000   Number         0  stm32f4xx_dma2d.o ABSOLUTE
    ..\\Libraries\\STM32F4xx_StdPeriph_Driver\\src\\stm32f4xx_exti.c 0x00000000   Number         0  stm32f4xx_exti.o ABSOLUTE
    ..\\Libraries\\STM32F4xx_StdPeriph_Driver\\src\\stm32f4xx_flash.c 0x00000000   Number         0  stm32f4xx_flash.o ABSOLUTE
    ..\\Libraries\\STM32F4xx_StdPeriph_Driver\\src\\stm32f4xx_flash_ramfunc.c 0x00000000   Number         0  stm32f4xx_flash_ramfunc.o ABSOLUTE
    ..\\Libraries\\STM32F4xx_StdPeriph_Driver\\src\\stm32f4xx_fmc.c 0x00000000   Number         0  stm32f4xx_fmc.o ABSOLUTE
    ..\\Libraries\\STM32F4xx_StdPeriph_Driver\\src\\stm32f4xx_gpio.c 0x00000000   Number         0  stm32f4xx_gpio.o ABSOLUTE
    ..\\Libraries\\STM32F4xx_StdPeriph_Driver\\src\\stm32f4xx_hash.c 0x00000000   Number         0  stm32f4xx_hash.o ABSOLUTE
    ..\\Libraries\\STM32F4xx_StdPeriph_Driver\\src\\stm32f4xx_hash_md5.c 0x00000000   Number         0  stm32f4xx_hash_md5.o ABSOLUTE
    ..\\Libraries\\STM32F4xx_StdPeriph_Driver\\src\\stm32f4xx_hash_sha1.c 0x00000000   Number         0  stm32f4xx_hash_sha1.o ABSOLUTE
    ..\\Libraries\\STM32F4xx_StdPeriph_Driver\\src\\stm32f4xx_i2c.c 0x00000000   Number         0  stm32f4xx_i2c.o ABSOLUTE
    ..\\Libraries\\STM32F4xx_StdPeriph_Driver\\src\\stm32f4xx_iwdg.c 0x00000000   Number         0  stm32f4xx_iwdg.o ABSOLUTE
    ..\\Libraries\\STM32F4xx_StdPeriph_Driver\\src\\stm32f4xx_ltdc.c 0x00000000   Number         0  stm32f4xx_ltdc.o ABSOLUTE
    ..\\Libraries\\STM32F4xx_StdPeriph_Driver\\src\\stm32f4xx_pwr.c 0x00000000   Number         0  stm32f4xx_pwr.o ABSOLUTE
    ..\\Libraries\\STM32F4xx_StdPeriph_Driver\\src\\stm32f4xx_rcc.c 0x00000000   Number         0  stm32f4xx_rcc.o ABSOLUTE
    ..\\Libraries\\STM32F4xx_StdPeriph_Driver\\src\\stm32f4xx_rng.c 0x00000000   Number         0  stm32f4xx_rng.o ABSOLUTE
    ..\\Libraries\\STM32F4xx_StdPeriph_Driver\\src\\stm32f4xx_rtc.c 0x00000000   Number         0  stm32f4xx_rtc.o ABSOLUTE
    ..\\Libraries\\STM32F4xx_StdPeriph_Driver\\src\\stm32f4xx_sai.c 0x00000000   Number         0  stm32f4xx_sai.o ABSOLUTE
    ..\\Libraries\\STM32F4xx_StdPeriph_Driver\\src\\stm32f4xx_sdio.c 0x00000000   Number         0  stm32f4xx_sdio.o ABSOLUTE
    ..\\Libraries\\STM32F4xx_StdPeriph_Driver\\src\\stm32f4xx_spi.c 0x00000000   Number         0  stm32f4xx_spi.o ABSOLUTE
    ..\\Libraries\\STM32F4xx_StdPeriph_Driver\\src\\stm32f4xx_syscfg.c 0x00000000   Number         0  stm32f4xx_syscfg.o ABSOLUTE
    ..\\Libraries\\STM32F4xx_StdPeriph_Driver\\src\\stm32f4xx_tim.c 0x00000000   Number         0  stm32f4xx_tim.o ABSOLUTE
    ..\\Libraries\\STM32F4xx_StdPeriph_Driver\\src\\stm32f4xx_usart.c 0x00000000   Number         0  stm32f4xx_usart.o ABSOLUTE
    ..\\Libraries\\STM32F4xx_StdPeriph_Driver\\src\\stm32f4xx_wwdg.c 0x00000000   Number         0  stm32f4xx_wwdg.o ABSOLUTE
    ..\\USER\\Audio\\mp3_audio.c             0x00000000   Number         0  mp3_audio.o ABSOLUTE
    ..\\USER\\WM8978\\audio.c                0x00000000   Number         0  audio.o ABSOLUTE
    ..\\USER\\WM8978\\wav.c                  0x00000000   Number         0  wav.o ABSOLUTE
    ..\\USER\\WM8978\\wm8978.c               0x00000000   Number         0  wm8978.o ABSOLUTE
    ..\\USER\\WM8978\\wm8978_i2c.c           0x00000000   Number         0  wm8978_i2c.o ABSOLUTE
    ..\\USER\\main.c                         0x00000000   Number         0  main.o ABSOLUTE
    ..\\USER\\stm32f4xx_it.c                 0x00000000   Number         0  stm32f4xx_it.o ABSOLUTE
    ..\\USER\\system_stm32f4xx.c             0x00000000   Number         0  system_stm32f4xx.o ABSOLUTE
    cdrcmple.s                               0x00000000   Number         0  cdrcmple.o ABSOLUTE
    dc.s                                     0x00000000   Number         0  dc.o ABSOLUTE
    handlers.s                               0x00000000   Number         0  handlers.o ABSOLUTE
    init.s                                   0x00000000   Number         0  init.o ABSOLUTE
    RESET                                    0x08000000   Section      428  startup_stm32f429_439xx.o(RESET)
    .ARM.Collect$$$$00000000                 0x080001ac   Section        0  entry.o(.ARM.Collect$$$$00000000)
    .ARM.Collect$$$$00000001                 0x080001ac   Section        4  entry2.o(.ARM.Collect$$$$00000001)
    .ARM.Collect$$$$00000004                 0x080001b0   Section        4  entry5.o(.ARM.Collect$$$$00000004)
    .ARM.Collect$$$$00000008                 0x080001b4   Section        0  entry7b.o(.ARM.Collect$$$$00000008)
    .ARM.Collect$$$$0000000A                 0x080001b4   Section        0  entry8b.o(.ARM.Collect$$$$0000000A)
    .ARM.Collect$$$$0000000B                 0x080001b4   Section        8  entry9a.o(.ARM.Collect$$$$0000000B)
    .ARM.Collect$$$$0000000D                 0x080001bc   Section        0  entry10a.o(.ARM.Collect$$$$0000000D)
    .ARM.Collect$$$$0000000F                 0x080001bc   Section        0  entry11a.o(.ARM.Collect$$$$0000000F)
    .ARM.Collect$$$$00002712                 0x080001bc   Section        4  entry2.o(.ARM.Collect$$$$00002712)
    __lit__00000000                          0x080001bc   Data           4  entry2.o(.ARM.Collect$$$$00002712)
    .text                                    0x080001c0   Section       36  startup_stm32f429_439xx.o(.text)
    $v0                                      0x080001c0   Number         0  startup_stm32f429_439xx.o(.text)
    .text                                    0x080001e4   Section       22  asmmisc.o(.text)
    $v0                                      0x080001e4   Number         0  asmmisc.o(.text)
    .text                                    0x080001fc   Section     2062  asmpoly_thumb2.o(.text)
    $v0                                      0x080001fc   Number         0  asmpoly_thumb2.o(.text)
    .text                                    0x08000a0a   Section        0  memmovea.o(.text)
    .text                                    0x08000a4a   Section        0  memseta.o(.text)
    .text                                    0x08000a6e   Section        0  strstr.o(.text)
    .text                                    0x08000a92   Section        0  uidiv.o(.text)
    .text                                    0x08000ac0   Section       36  init.o(.text)
    i.AUDIO_Cpy_Mono                         0x08000ae4   Section        0  mp3_audio.o(i.AUDIO_Cpy_Mono)
    i.AUDIO_Init_audio_mode                  0x08000c74   Section        0  mp3_audio.o(i.AUDIO_Init_audio_mode)
    i.AUDIO_PlaybackBuffer_GetStatus         0x08000e68   Section        0  mp3_audio.o(i.AUDIO_PlaybackBuffer_GetStatus)
    i.AUDIO_Playback_Stop                    0x08000e7c   Section        0  mp3_audio.o(i.AUDIO_Playback_Stop)
    i.AntiAlias                              0x08000e98   Section        0  imdct.o(i.AntiAlias)
    AntiAlias                                0x08000e99   Thumb Code   536  imdct.o(i.AntiAlias)
    i.BusFault_Handler                       0x080010b4   Section        0  stm32f4xx_it.o(i.BusFault_Handler)
    i.CLZ                                    0x080010b6   Section        0  dequant.o(i.CLZ)
    CLZ                                      0x080010b7   Thumb Code    22  dequant.o(i.CLZ)
    i.CLZ                                    0x080010cc   Section        0  dqchan.o(i.CLZ)
    CLZ                                      0x080010cd   Thumb Code    22  dqchan.o(i.CLZ)
    i.ClearBuffer                            0x080010e2   Section        0  buffers.o(i.ClearBuffer)
    i.DMA2_Stream5_IRQHandler                0x080010f4   Section        0  mp3_audio.o(i.DMA2_Stream5_IRQHandler)
    i.DMA_ClearFlag                          0x0800116c   Section        0  stm32f4xx_dma.o(i.DMA_ClearFlag)
    i.DMA_Cmd                                0x08001198   Section        0  stm32f4xx_dma.o(i.DMA_Cmd)
    i.DMA_Configuration                      0x080011ac   Section        0  mp3_audio.o(i.DMA_Configuration)
    i.DMA_DeInit                             0x0800127c   Section        0  stm32f4xx_dma.o(i.DMA_DeInit)
    i.DMA_GetFlagStatus                      0x080013a0   Section        0  stm32f4xx_dma.o(i.DMA_GetFlagStatus)
    i.DMA_ITConfig                           0x080013d4   Section        0  stm32f4xx_dma.o(i.DMA_ITConfig)
    i.DMA_Init                               0x08001400   Section        0  stm32f4xx_dma.o(i.DMA_Init)
    i.DebugMon_Handler                       0x08001454   Section        0  stm32f4xx_it.o(i.DebugMon_Handler)
    i.DecodeHuffmanPairs                     0x08001458   Section        0  huffman.o(i.DecodeHuffmanPairs)
    DecodeHuffmanPairs                       0x08001459   Thumb Code   746  huffman.o(i.DecodeHuffmanPairs)
    i.DecodeHuffmanQuads                     0x08001750   Section        0  huffman.o(i.DecodeHuffmanQuads)
    DecodeHuffmanQuads                       0x08001751   Thumb Code   298  huffman.o(i.DecodeHuffmanQuads)
    i.DequantBlock                           0x08001888   Section        0  dqchan.o(i.DequantBlock)
    DequantBlock                             0x08001889   Thumb Code   334  dqchan.o(i.DequantBlock)
    i.FillBuffer                             0x080019e8   Section        0  mp3_audio.o(i.FillBuffer)
    i.FreqInvertRescale                      0x08001b2c   Section        0  imdct.o(i.FreqInvertRescale)
    FreqInvertRescale                        0x08001b2d   Thumb Code   362  imdct.o(i.FreqInvertRescale)
    i.GPIO_Init                              0x08001c96   Section        0  stm32f4xx_gpio.o(i.GPIO_Init)
    i.GPIO_PinAFConfig                       0x08001d0e   Section        0  stm32f4xx_gpio.o(i.GPIO_PinAFConfig)
    i.HardFault_Handler                      0x08001d2e   Section        0  stm32f4xx_it.o(i.HardFault_Handler)
    i.HybridTransform                        0x08001d30   Section        0  imdct.o(i.HybridTransform)
    HybridTransform                          0x08001d31   Thumb Code   326  imdct.o(i.HybridTransform)
    i.IMDCT12x3                              0x08001e78   Section        0  imdct.o(i.IMDCT12x3)
    IMDCT12x3                                0x08001e79   Thumb Code   436  imdct.o(i.IMDCT12x3)
    i.IMDCT36                                0x08002030   Section        0  imdct.o(i.IMDCT36)
    IMDCT36                                  0x08002031   Thumb Code   472  imdct.o(i.IMDCT36)
    i.InitI2C                                0x08002210   Section        0  wm8978_i2c.o(i.InitI2C)
    i.MP3ClearBadFrame                       0x08002248   Section        0  mp3dec.o(i.MP3ClearBadFrame)
    MP3ClearBadFrame                         0x08002249   Thumb Code    38  mp3dec.o(i.MP3ClearBadFrame)
    i.MP3Decode                              0x0800226e   Section        0  mp3dec.o(i.MP3Decode)
    i.MP3FindSyncWord                        0x08002562   Section        0  mp3dec.o(i.MP3FindSyncWord)
    i.MP3GetLastFrameInfo                    0x08002590   Section        0  mp3dec.o(i.MP3GetLastFrameInfo)
    i.MP3InitDecoder                         0x080025f4   Section        0  mp3dec.o(i.MP3InitDecoder)
    i.MP3_GetStrResult                       0x080025f8   Section        0  mp3_audio.o(i.MP3_GetStrResult)
    i.MemManage_Handler                      0x080027e0   Section        0  stm32f4xx_it.o(i.MemManage_Handler)
    i.NMI_Handler                            0x080027e2   Section        0  stm32f4xx_it.o(i.NMI_Handler)
    i.NVIC_Init                              0x080027e4   Section        0  misc.o(i.NVIC_Init)
    i.PLLSAI_Config                          0x08002848   Section        0  main.o(i.PLLSAI_Config)
    i.PendSV_Handler                         0x0800289e   Section        0  stm32f4xx_it.o(i.PendSV_Handler)
    i.PlayAudioFile                          0x080028a0   Section        0  mp3_audio.o(i.PlayAudioFile)
    i.RCC_AHB1PeriphClockCmd                 0x08002914   Section        0  stm32f4xx_rcc.o(i.RCC_AHB1PeriphClockCmd)
    i.RCC_APB2PeriphClockCmd                 0x0800292c   Section        0  stm32f4xx_rcc.o(i.RCC_APB2PeriphClockCmd)
    i.RCC_GetClocksFreq                      0x08002944   Section        0  stm32f4xx_rcc.o(i.RCC_GetClocksFreq)
    i.RCC_GetFlagStatus                      0x080029d8   Section        0  stm32f4xx_rcc.o(i.RCC_GetFlagStatus)
    i.RCC_PLLI2SCmd                          0x08002a0c   Section        0  stm32f4xx_rcc.o(i.RCC_PLLI2SCmd)
    i.RCC_PLLI2SConfig                       0x08002a18   Section        0  stm32f4xx_rcc.o(i.RCC_PLLI2SConfig)
    i.RCC_PLLSAICmd                          0x08002a2c   Section        0  stm32f4xx_rcc.o(i.RCC_PLLSAICmd)
    i.RCC_PLLSAIConfig                       0x08002a38   Section        0  stm32f4xx_rcc.o(i.RCC_PLLSAIConfig)
    i.RCC_SAIBlockACLKConfig                 0x08002a4c   Section        0  stm32f4xx_rcc.o(i.RCC_SAIBlockACLKConfig)
    i.RCC_SAIBlockBCLKConfig                 0x08002a60   Section        0  stm32f4xx_rcc.o(i.RCC_SAIBlockBCLKConfig)
    i.RCC_SAIPLLI2SClkDivConfig              0x08002a74   Section        0  stm32f4xx_rcc.o(i.RCC_SAIPLLI2SClkDivConfig)
    i.RCC_SAIPLLSAIClkDivConfig              0x08002a88   Section        0  stm32f4xx_rcc.o(i.RCC_SAIPLLSAIClkDivConfig)
    i.Read_ID3V1                             0x08002aa4   Section        0  mp3_audio.o(i.Read_ID3V1)
    i.RefillBitstreamCache                   0x08002b6c   Section        0  bitstream.o(i.RefillBitstreamCache)
    RefillBitstreamCache                     0x08002b6d   Thumb Code   112  bitstream.o(i.RefillBitstreamCache)
    i.SAI_Cmd                                0x08002bdc   Section        0  stm32f4xx_sai.o(i.SAI_Cmd)
    i.SAI_DMACmd                             0x08002bf0   Section        0  stm32f4xx_sai.o(i.SAI_DMACmd)
    i.SAI_FlushFIFO                          0x08002c04   Section        0  stm32f4xx_sai.o(i.SAI_FlushFIFO)
    i.SAI_FrameInit                          0x08002c10   Section        0  stm32f4xx_sai.o(i.SAI_FrameInit)
    i.SAI_GPIO_Config                        0x08002c40   Section        0  audio.o(i.SAI_GPIO_Config)
    SAI_GPIO_Config                          0x08002c41   Thumb Code   164  audio.o(i.SAI_GPIO_Config)
    i.SAI_GetCmdStatus                       0x08002cec   Section        0  stm32f4xx_sai.o(i.SAI_GetCmdStatus)
    i.SAI_Init                               0x08002cfc   Section        0  stm32f4xx_sai.o(i.SAI_Init)
    i.SAI_Mode_Config                        0x08002d40   Section        0  audio.o(i.SAI_Mode_Config)
    SAI_Mode_Config                          0x08002d41   Thumb Code   120  audio.o(i.SAI_Mode_Config)
    i.SAI_SendData                           0x08002dc0   Section        0  stm32f4xx_sai.o(i.SAI_SendData)
    i.SAI_SlotInit                           0x08002dc4   Section        0  stm32f4xx_sai.o(i.SAI_SlotInit)
    i.SAI_Stop                               0x08002dec   Section        0  audio.o(i.SAI_Stop)
    i.SVC_Handler                            0x08002df8   Section        0  stm32f4xx_it.o(i.SVC_Handler)
    i.SetSysClock                            0x08002dfc   Section        0  system_stm32f4xx.o(i.SetSysClock)
    SetSysClock                              0x08002dfd   Thumb Code   190  system_stm32f4xx.o(i.SetSysClock)
    i.StartPlay                              0x08002ecc   Section        0  audio.o(i.StartPlay)
    i.SysTick_Handler                        0x08002f18   Section        0  stm32f4xx_it.o(i.SysTick_Handler)
    i.SystemInit                             0x08002f20   Section        0  system_stm32f4xx.o(i.SystemInit)
    i.TimingDelay_Decrement                  0x08002f7c   Section        0  stm32f4xx_it.o(i.TimingDelay_Decrement)
    i.USART_Cmd                              0x08002f7e   Section        0  stm32f4xx_usart.o(i.USART_Cmd)
    i.USART_Configuration                    0x08002f94   Section        0  main.o(i.USART_Configuration)
    i.USART_GetFlagStatus                    0x0800301c   Section        0  stm32f4xx_usart.o(i.USART_GetFlagStatus)
    i.USART_Init                             0x0800302c   Section        0  stm32f4xx_usart.o(i.USART_Init)
    i.USART_SendData                         0x080030d8   Section        0  stm32f4xx_usart.o(i.USART_SendData)
    i.UnpackSFMPEG1                          0x080030e0   Section        0  scalfact.o(i.UnpackSFMPEG1)
    UnpackSFMPEG1                            0x080030e1   Thumb Code   358  scalfact.o(i.UnpackSFMPEG1)
    i.UnpackSFMPEG2                          0x0800324c   Section        0  scalfact.o(i.UnpackSFMPEG2)
    UnpackSFMPEG2                            0x0800324d   Thumb Code   558  scalfact.o(i.UnpackSFMPEG2)
    i.UsageFault_Handler                     0x08003480   Section        0  stm32f4xx_it.o(i.UsageFault_Handler)
    i.WinPrevious                            0x08003484   Section        0  imdct.o(i.WinPrevious)
    WinPrevious                              0x08003485   Thumb Code   298  imdct.o(i.WinPrevious)
    i.__0printf$3                            0x080035b4   Section        0  printf3.o(i.__0printf$3)
    i.__scatterload_copy                     0x080035d4   Section       14  handlers.o(i.__scatterload_copy)
    i.__scatterload_null                     0x080035e2   Section        2  handlers.o(i.__scatterload_null)
    i.__scatterload_zeroinit                 0x080035e4   Section       14  handlers.o(i.__scatterload_zeroinit)
    i._printf_core                           0x080035f4   Section        0  printf3.o(i._printf_core)
    _printf_core                             0x080035f5   Thumb Code   436  printf3.o(i._printf_core)
    i.f_lseek                                0x080037ac   Section        0  mp3_audio.o(i.f_lseek)
    i.f_read                                 0x080037c4   Section        0  mp3_audio.o(i.f_read)
    i.fputc                                  0x08003804   Section        0  main.o(i.fputc)
    i.i2c_CheckDevice                        0x08003834   Section        0  wm8978_i2c.o(i.i2c_CheckDevice)
    i.i2c_Delay                              0x08003868   Section        0  wm8978_i2c.o(i.i2c_Delay)
    i2c_Delay                                0x08003869   Thumb Code    12  wm8978_i2c.o(i.i2c_Delay)
    i.i2c_SendByte                           0x08003874   Section        0  wm8978_i2c.o(i.i2c_SendByte)
    i.i2c_Start                              0x080038c8   Section        0  wm8978_i2c.o(i.i2c_Start)
    i.i2c_Stop                               0x080038f0   Section        0  wm8978_i2c.o(i.i2c_Stop)
    i.i2c_WaitAck                            0x0800390c   Section        0  wm8978_i2c.o(i.i2c_WaitAck)
    i.idct9                                  0x08003944   Section        0  imdct.o(i.idct9)
    idct9                                    0x08003945   Thumb Code   322  imdct.o(i.idct9)
    i.imdct12                                0x08003a9c   Section        0  imdct.o(i.imdct12)
    imdct12                                  0x08003a9d   Thumb Code   154  imdct.o(i.imdct12)
    i.main                                   0x08003b48   Section        0  main.o(i.main)
    i.wm8978_CfgAudioIF                      0x08003b80   Section        0  wm8978.o(i.wm8978_CfgAudioIF)
    i.wm8978_CfgAudioPath                    0x08003bc0   Section        0  wm8978.o(i.wm8978_CfgAudioPath)
    i.wm8978_Init                            0x08003db0   Section        0  wm8978.o(i.wm8978_Init)
    i.wm8978_Reset                           0x08003dcc   Section        0  wm8978.o(i.wm8978_Reset)
    wm8978_Reset                             0x08003dcd   Thumb Code    48  wm8978.o(i.wm8978_Reset)
    i.wm8978_SetEarVolume                    0x08003e04   Section        0  wm8978.o(i.wm8978_SetEarVolume)
    i.wm8978_SetSpkVolume                    0x08003e24   Section        0  wm8978.o(i.wm8978_SetSpkVolume)
    i.wm8978_WriteReg                        0x08003e44   Section        0  wm8978.o(i.wm8978_WriteReg)
    wm8978_WriteReg                          0x08003e45   Thumb Code    78  wm8978.o(i.wm8978_WriteReg)
    i.xmp3_AllocateBuffers                   0x08003e98   Section        0  buffers.o(i.xmp3_AllocateBuffers)
    i.xmp3_CalcBitsUsed                      0x08003f30   Section        0  bitstream.o(i.xmp3_CalcBitsUsed)
    i.xmp3_CheckPadBit                       0x08003f3e   Section        0  bitstream.o(i.xmp3_CheckPadBit)
    i.xmp3_DecodeHuffman                     0x08003f54   Section        0  huffman.o(i.xmp3_DecodeHuffman)
    i.xmp3_DequantChannel                    0x080040ec   Section        0  dqchan.o(i.xmp3_DequantChannel)
    i.xmp3_Dequantize                        0x080042e0   Section        0  dequant.o(i.xmp3_Dequantize)
    i.xmp3_FDCT32                            0x080044c8   Section        0  dct32.o(i.xmp3_FDCT32)
    i.xmp3_GetBits                           0x08004b5e   Section        0  bitstream.o(i.xmp3_GetBits)
    i.xmp3_IMDCT                             0x08004ba0   Section        0  imdct.o(i.xmp3_IMDCT)
    i.xmp3_IntensityProcMPEG1                0x08004cc0   Section        0  stproc.o(i.xmp3_IntensityProcMPEG1)
    i.xmp3_IntensityProcMPEG2                0x08004ef4   Section        0  stproc.o(i.xmp3_IntensityProcMPEG2)
    i.xmp3_MidSideProc                       0x08005128   Section        0  stproc.o(i.xmp3_MidSideProc)
    i.xmp3_SetBitstreamPointer               0x08005182   Section        0  bitstream.o(i.xmp3_SetBitstreamPointer)
    i.xmp3_Subband                           0x08005190   Section        0  subband.o(i.xmp3_Subband)
    i.xmp3_UnpackFrameHeader                 0x08005288   Section        0  bitstream.o(i.xmp3_UnpackFrameHeader)
    i.xmp3_UnpackScaleFactors                0x08005474   Section        0  scalfact.o(i.xmp3_UnpackScaleFactors)
    i.xmp3_UnpackSideInfo                    0x0800556a   Section        0  bitstream.o(i.xmp3_UnpackSideInfo)
    .constdata                               0x08005780   Section       36  mp3tabs.o(.constdata)
    .constdata                               0x080057a4   Section      270  mp3tabs.o(.constdata)
    .constdata                               0x080058b2   Section       18  mp3tabs.o(.constdata)
    .constdata                               0x080058c4   Section       12  mp3tabs.o(.constdata)
    .constdata                               0x080058d0   Section      270  mp3tabs.o(.constdata)
    .constdata                               0x080059de   Section      666  mp3tabs.o(.constdata)
    .constdata                               0x08005c78   Section     8484  hufftabs.o(.constdata)
    .constdata                               0x08007d9c   Section      128  hufftabs.o(.constdata)
    .constdata                               0x08007e1c   Section      256  hufftabs.o(.constdata)
    .constdata                               0x08007f1c   Section       80  hufftabs.o(.constdata)
    .constdata                               0x08007f6c   Section        8  hufftabs.o(.constdata)
    .constdata                               0x08007f74   Section        8  hufftabs.o(.constdata)
    .constdata                               0x08007f7c   Section      108  imdct.o(.constdata)
    c18                                      0x08007f7c   Data          36  imdct.o(.constdata)
    fastWin36                                0x08007fa0   Data          72  imdct.o(.constdata)
    .constdata                               0x08007fe8   Section      104  scalfact.o(.constdata)
    SFLenTab                                 0x08007fe8   Data          32  scalfact.o(.constdata)
    NRTab                                    0x08008008   Data          72  scalfact.o(.constdata)
    .constdata                               0x08008050   Section      576  trigtabs.o(.constdata)
    .constdata                               0x08008290   Section       56  trigtabs.o(.constdata)
    .constdata                               0x080082c8   Section      256  trigtabs.o(.constdata)
    .constdata                               0x080083c8   Section       16  trigtabs.o(.constdata)
    .constdata                               0x080083d8   Section       64  trigtabs.o(.constdata)
    .constdata                               0x08008418   Section     1056  trigtabs.o(.constdata)
    .constdata                               0x08008838   Section      192  dct32.o(.constdata)
    dcttab                                   0x08008838   Data         192  dct32.o(.constdata)
    .constdata                               0x080088f8   Section      592  dqchan.o(.constdata)
    preTab                                   0x080088f8   Data          22  dqchan.o(.constdata)
    pow14                                    0x08008910   Data          16  dqchan.o(.constdata)
    pow43_14                                 0x08008920   Data         256  dqchan.o(.constdata)
    pow43                                    0x08008a20   Data         192  dqchan.o(.constdata)
    poly43lo                                 0x08008ae0   Data          20  dqchan.o(.constdata)
    poly43hi                                 0x08008af4   Data          20  dqchan.o(.constdata)
    pow2exp                                  0x08008b08   Data          32  dqchan.o(.constdata)
    pow2frac                                 0x08008b28   Data          32  dqchan.o(.constdata)
    .constdata                               0x08008b48   Section    501133  mp3_audio.o(.constdata)
    .constdata                               0x080830d8   Section      116  wm8978.o(.constdata)
    .conststring                             0x0808314c   Section      204  main.o(.conststring)
    .data                                    0x20000000   Section       16  stm32f4xx_rcc.o(.data)
    APBAHBPrescTable                         0x20000000   Data          16  stm32f4xx_rcc.o(.data)
    .data                                    0x20000010   Section       52  mp3_audio.o(.data)
    hMP3Decoder                              0x20000024   Data           4  mp3_audio.o(.data)
    .data                                    0x20000044   Section      116  wm8978.o(.data)
    wm8978_RegCash                           0x20000044   Data         116  wm8978.o(.data)
    .data                                    0x200000b8   Section        4  main.o(.data)
    .bss                                     0x200000bc   Section    23816  buffers.o(.bss)
    .bss                                     0x20005dc4   Section    16412  mp3_audio.o(.bss)
    STACK                                    0x20009de0   Section     4096  startup_stm32f429_439xx.o(STACK)

    Global Symbols

    Symbol Name                              Value     Ov Type        Size  Object(Section)

    BuildAttributes$$THM_ISAv4$E$P$D$K$B$S$7EM$VFPi3$EXTD16$VFPS$VFMA$PE$A:L22UL41UL21$X:L11$S22US41US21$IEEE1$IW$USESV6$~STKCKD$USESV7$~SHL$OSPACE$ROPI$EBA8$MICROLIB$REQ8$PRES8$EABIv2 0x00000000   Number         0  anon$$obj.o ABSOLUTE
    __ARM_use_no_argv                        0x00000000   Number         0  main.o ABSOLUTE
    _printf_a                                0x00000000   Number         0  stubs.o ABSOLUTE
    _printf_c                                0x00000000   Number         0  stubs.o ABSOLUTE
    _printf_charcount                        0x00000000   Number         0  stubs.o ABSOLUTE
    _printf_d                                0x00000000   Number         0  stubs.o ABSOLUTE
    _printf_e                                0x00000000   Number         0  stubs.o ABSOLUTE
    _printf_f                                0x00000000   Number         0  stubs.o ABSOLUTE
    _printf_flags                            0x00000000   Number         0  stubs.o ABSOLUTE
    _printf_fp_dec                           0x00000000   Number         0  stubs.o ABSOLUTE
    _printf_fp_hex                           0x00000000   Number         0  stubs.o ABSOLUTE
    _printf_g                                0x00000000   Number         0  stubs.o ABSOLUTE
    _printf_i                                0x00000000   Number         0  stubs.o ABSOLUTE
    _printf_int_dec                          0x00000000   Number         0  stubs.o ABSOLUTE
    _printf_l                                0x00000000   Number         0  stubs.o ABSOLUTE
    _printf_lc                               0x00000000   Number         0  stubs.o ABSOLUTE
    _printf_ll                               0x00000000   Number         0  stubs.o ABSOLUTE
    _printf_lld                              0x00000000   Number         0  stubs.o ABSOLUTE
    _printf_lli                              0x00000000   Number         0  stubs.o ABSOLUTE
    _printf_llo                              0x00000000   Number         0  stubs.o ABSOLUTE
    _printf_llu                              0x00000000   Number         0  stubs.o ABSOLUTE
    _printf_llx                              0x00000000   Number         0  stubs.o ABSOLUTE
    _printf_longlong_dec                     0x00000000   Number         0  stubs.o ABSOLUTE
    _printf_longlong_hex                     0x00000000   Number         0  stubs.o ABSOLUTE
    _printf_longlong_oct                     0x00000000   Number         0  stubs.o ABSOLUTE
    _printf_ls                               0x00000000   Number         0  stubs.o ABSOLUTE
    _printf_mbtowc                           0x00000000   Number         0  stubs.o ABSOLUTE
    _printf_n                                0x00000000   Number         0  stubs.o ABSOLUTE
    _printf_o                                0x00000000   Number         0  stubs.o ABSOLUTE
    _printf_p                                0x00000000   Number         0  stubs.o ABSOLUTE
    _printf_percent                          0x00000000   Number         0  stubs.o ABSOLUTE
    _printf_pre_padding                      0x00000000   Number         0  stubs.o ABSOLUTE
    _printf_return_value                     0x00000000   Number         0  stubs.o ABSOLUTE
    _printf_s                                0x00000000   Number         0  stubs.o ABSOLUTE
    _printf_sizespec                         0x00000000   Number         0  stubs.o ABSOLUTE
    _printf_str                              0x00000000   Number         0  stubs.o ABSOLUTE
    _printf_truncate_signed                  0x00000000   Number         0  stubs.o ABSOLUTE
    _printf_truncate_unsigned                0x00000000   Number         0  stubs.o ABSOLUTE
    _printf_u                                0x00000000   Number         0  stubs.o ABSOLUTE
    _printf_wc                               0x00000000   Number         0  stubs.o ABSOLUTE
    _printf_wctomb                           0x00000000   Number         0  stubs.o ABSOLUTE
    _printf_widthprec                        0x00000000   Number         0  stubs.o ABSOLUTE
    _printf_x                                0x00000000   Number         0  stubs.o ABSOLUTE
    __cpp_initialize__aeabi_                  - Undefined Weak Reference
    __cxa_finalize                            - Undefined Weak Reference
    __decompress                              - Undefined Weak Reference
    _clock_init                               - Undefined Weak Reference
    _microlib_exit                            - Undefined Weak Reference
    __Vectors_Size                           0x000001ac   Number         0  startup_stm32f429_439xx.o ABSOLUTE
    __Vectors                                0x08000000   Data           4  startup_stm32f429_439xx.o(RESET)
    __Vectors_End                            0x080001ac   Data           0  startup_stm32f429_439xx.o(RESET)
    __main                                   0x080001ad   Thumb Code     0  entry.o(.ARM.Collect$$$$00000000)
    _main_stk                                0x080001ad   Thumb Code     0  entry2.o(.ARM.Collect$$$$00000001)
    _main_scatterload                        0x080001b1   Thumb Code     0  entry5.o(.ARM.Collect$$$$00000004)
    __main_after_scatterload                 0x080001b5   Thumb Code     0  entry5.o(.ARM.Collect$$$$00000004)
    _main_clock                              0x080001b5   Thumb Code     0  entry7b.o(.ARM.Collect$$$$00000008)
    _main_cpp_init                           0x080001b5   Thumb Code     0  entry8b.o(.ARM.Collect$$$$0000000A)
    _main_init                               0x080001b5   Thumb Code     0  entry9a.o(.ARM.Collect$$$$0000000B)
    __rt_final_cpp                           0x080001bd   Thumb Code     0  entry10a.o(.ARM.Collect$$$$0000000D)
    __rt_final_exit                          0x080001bd   Thumb Code     0  entry11a.o(.ARM.Collect$$$$0000000F)
    Reset_Handler                            0x080001c1   Thumb Code     8  startup_stm32f429_439xx.o(.text)
    ADC_IRQHandler                           0x080001db   Thumb Code     0  startup_stm32f429_439xx.o(.text)
    CAN1_RX0_IRQHandler                      0x080001db   Thumb Code     0  startup_stm32f429_439xx.o(.text)
    CAN1_RX1_IRQHandler                      0x080001db   Thumb Code     0  startup_stm32f429_439xx.o(.text)
    CAN1_SCE_IRQHandler                      0x080001db   Thumb Code     0  startup_stm32f429_439xx.o(.text)
    CAN1_TX_IRQHandler                       0x080001db   Thumb Code     0  startup_stm32f429_439xx.o(.text)
    CAN2_RX0_IRQHandler                      0x080001db   Thumb Code     0  startup_stm32f429_439xx.o(.text)
    CAN2_RX1_IRQHandler                      0x080001db   Thumb Code     0  startup_stm32f429_439xx.o(.text)
    CAN2_SCE_IRQHandler                      0x080001db   Thumb Code     0  startup_stm32f429_439xx.o(.text)
    CAN2_TX_IRQHandler                       0x080001db   Thumb Code     0  startup_stm32f429_439xx.o(.text)
    CRYP_IRQHandler                          0x080001db   Thumb Code     0  startup_stm32f429_439xx.o(.text)
    DCMI_IRQHandler                          0x080001db   Thumb Code     0  startup_stm32f429_439xx.o(.text)
    DMA1_Stream0_IRQHandler                  0x080001db   Thumb Code     0  startup_stm32f429_439xx.o(.text)
    DMA1_Stream1_IRQHandler                  0x080001db   Thumb Code     0  startup_stm32f429_439xx.o(.text)
    DMA1_Stream2_IRQHandler                  0x080001db   Thumb Code     0  startup_stm32f429_439xx.o(.text)
    DMA1_Stream3_IRQHandler                  0x080001db   Thumb Code     0  startup_stm32f429_439xx.o(.text)
    DMA1_Stream4_IRQHandler                  0x080001db   Thumb Code     0  startup_stm32f429_439xx.o(.text)
    DMA1_Stream5_IRQHandler                  0x080001db   Thumb Code     0  startup_stm32f429_439xx.o(.text)
    DMA1_Stream6_IRQHandler                  0x080001db   Thumb Code     0  startup_stm32f429_439xx.o(.text)
    DMA1_Stream7_IRQHandler                  0x080001db   Thumb Code     0  startup_stm32f429_439xx.o(.text)
    DMA2D_IRQHandler                         0x080001db   Thumb Code     0  startup_stm32f429_439xx.o(.text)
    DMA2_Stream0_IRQHandler                  0x080001db   Thumb Code     0  startup_stm32f429_439xx.o(.text)
    DMA2_Stream1_IRQHandler                  0x080001db   Thumb Code     0  startup_stm32f429_439xx.o(.text)
    DMA2_Stream2_IRQHandler                  0x080001db   Thumb Code     0  startup_stm32f429_439xx.o(.text)
    DMA2_Stream3_IRQHandler                  0x080001db   Thumb Code     0  startup_stm32f429_439xx.o(.text)
    DMA2_Stream4_IRQHandler                  0x080001db   Thumb Code     0  startup_stm32f429_439xx.o(.text)
    DMA2_Stream6_IRQHandler                  0x080001db   Thumb Code     0  startup_stm32f429_439xx.o(.text)
    DMA2_Stream7_IRQHandler                  0x080001db   Thumb Code     0  startup_stm32f429_439xx.o(.text)
    ETH_IRQHandler                           0x080001db   Thumb Code     0  startup_stm32f429_439xx.o(.text)
    ETH_WKUP_IRQHandler                      0x080001db   Thumb Code     0  startup_stm32f429_439xx.o(.text)
    EXTI0_IRQHandler                         0x080001db   Thumb Code     0  startup_stm32f429_439xx.o(.text)
    EXTI15_10_IRQHandler                     0x080001db   Thumb Code     0  startup_stm32f429_439xx.o(.text)
    EXTI1_IRQHandler                         0x080001db   Thumb Code     0  startup_stm32f429_439xx.o(.text)
    EXTI2_IRQHandler                         0x080001db   Thumb Code     0  startup_stm32f429_439xx.o(.text)
    EXTI3_IRQHandler                         0x080001db   Thumb Code     0  startup_stm32f429_439xx.o(.text)
    EXTI4_IRQHandler                         0x080001db   Thumb Code     0  startup_stm32f429_439xx.o(.text)
    EXTI9_5_IRQHandler                       0x080001db   Thumb Code     0  startup_stm32f429_439xx.o(.text)
    FLASH_IRQHandler                         0x080001db   Thumb Code     0  startup_stm32f429_439xx.o(.text)
    FMC_IRQHandler                           0x080001db   Thumb Code     0  startup_stm32f429_439xx.o(.text)
    FPU_IRQHandler                           0x080001db   Thumb Code     0  startup_stm32f429_439xx.o(.text)
    HASH_RNG_IRQHandler                      0x080001db   Thumb Code     0  startup_stm32f429_439xx.o(.text)
    I2C1_ER_IRQHandler                       0x080001db   Thumb Code     0  startup_stm32f429_439xx.o(.text)
    I2C1_EV_IRQHandler                       0x080001db   Thumb Code     0  startup_stm32f429_439xx.o(.text)
    I2C2_ER_IRQHandler                       0x080001db   Thumb Code     0  startup_stm32f429_439xx.o(.text)
    I2C2_EV_IRQHandler                       0x080001db   Thumb Code     0  startup_stm32f429_439xx.o(.text)
    I2C3_ER_IRQHandler                       0x080001db   Thumb Code     0  startup_stm32f429_439xx.o(.text)
    I2C3_EV_IRQHandler                       0x080001db   Thumb Code     0  startup_stm32f429_439xx.o(.text)
    LTDC_ER_IRQHandler                       0x080001db   Thumb Code     0  startup_stm32f429_439xx.o(.text)
    LTDC_IRQHandler                          0x080001db   Thumb Code     0  startup_stm32f429_439xx.o(.text)
    OTG_FS_IRQHandler                        0x080001db   Thumb Code     0  startup_stm32f429_439xx.o(.text)
    OTG_FS_WKUP_IRQHandler                   0x080001db   Thumb Code     0  startup_stm32f429_439xx.o(.text)
    OTG_HS_EP1_IN_IRQHandler                 0x080001db   Thumb Code     0  startup_stm32f429_439xx.o(.text)
    OTG_HS_EP1_OUT_IRQHandler                0x080001db   Thumb Code     0  startup_stm32f429_439xx.o(.text)
    OTG_HS_IRQHandler                        0x080001db   Thumb Code     0  startup_stm32f429_439xx.o(.text)
    OTG_HS_WKUP_IRQHandler                   0x080001db   Thumb Code     0  startup_stm32f429_439xx.o(.text)
    PVD_IRQHandler                           0x080001db   Thumb Code     0  startup_stm32f429_439xx.o(.text)
    RCC_IRQHandler                           0x080001db   Thumb Code     0  startup_stm32f429_439xx.o(.text)
    RTC_Alarm_IRQHandler                     0x080001db   Thumb Code     0  startup_stm32f429_439xx.o(.text)
    RTC_WKUP_IRQHandler                      0x080001db   Thumb Code     0  startup_stm32f429_439xx.o(.text)
    SAI1_IRQHandler                          0x080001db   Thumb Code     0  startup_stm32f429_439xx.o(.text)
    SDIO_IRQHandler                          0x080001db   Thumb Code     0  startup_stm32f429_439xx.o(.text)
    SPI1_IRQHandler                          0x080001db   Thumb Code     0  startup_stm32f429_439xx.o(.text)
    SPI2_IRQHandler                          0x080001db   Thumb Code     0  startup_stm32f429_439xx.o(.text)
    SPI3_IRQHandler                          0x080001db   Thumb Code     0  startup_stm32f429_439xx.o(.text)
    SPI4_IRQHandler                          0x080001db   Thumb Code     0  startup_stm32f429_439xx.o(.text)
    SPI5_IRQHandler                          0x080001db   Thumb Code     0  startup_stm32f429_439xx.o(.text)
    SPI6_IRQHandler                          0x080001db   Thumb Code     0  startup_stm32f429_439xx.o(.text)
    TAMP_STAMP_IRQHandler                    0x080001db   Thumb Code     0  startup_stm32f429_439xx.o(.text)
    TIM1_BRK_TIM9_IRQHandler                 0x080001db   Thumb Code     0  startup_stm32f429_439xx.o(.text)
    TIM1_CC_IRQHandler                       0x080001db   Thumb Code     0  startup_stm32f429_439xx.o(.text)
    TIM1_TRG_COM_TIM11_IRQHandler            0x080001db   Thumb Code     0  startup_stm32f429_439xx.o(.text)
    TIM1_UP_TIM10_IRQHandler                 0x080001db   Thumb Code     0  startup_stm32f429_439xx.o(.text)
    TIM2_IRQHandler                          0x080001db   Thumb Code     0  startup_stm32f429_439xx.o(.text)
    TIM3_IRQHandler                          0x080001db   Thumb Code     0  startup_stm32f429_439xx.o(.text)
    TIM4_IRQHandler                          0x080001db   Thumb Code     0  startup_stm32f429_439xx.o(.text)
    TIM5_IRQHandler                          0x080001db   Thumb Code     0  startup_stm32f429_439xx.o(.text)
    TIM6_DAC_IRQHandler                      0x080001db   Thumb Code     0  startup_stm32f429_439xx.o(.text)
    TIM7_IRQHandler                          0x080001db   Thumb Code     0  startup_stm32f429_439xx.o(.text)
    TIM8_BRK_TIM12_IRQHandler                0x080001db   Thumb Code     0  startup_stm32f429_439xx.o(.text)
    TIM8_CC_IRQHandler                       0x080001db   Thumb Code     0  startup_stm32f429_439xx.o(.text)
    TIM8_TRG_COM_TIM14_IRQHandler            0x080001db   Thumb Code     0  startup_stm32f429_439xx.o(.text)
    TIM8_UP_TIM13_IRQHandler                 0x080001db   Thumb Code     0  startup_stm32f429_439xx.o(.text)
    UART4_IRQHandler                         0x080001db   Thumb Code     0  startup_stm32f429_439xx.o(.text)
    UART5_IRQHandler                         0x080001db   Thumb Code     0  startup_stm32f429_439xx.o(.text)
    UART7_IRQHandler                         0x080001db   Thumb Code     0  startup_stm32f429_439xx.o(.text)
    UART8_IRQHandler                         0x080001db   Thumb Code     0  startup_stm32f429_439xx.o(.text)
    USART1_IRQHandler                        0x080001db   Thumb Code     0  startup_stm32f429_439xx.o(.text)
    USART2_IRQHandler                        0x080001db   Thumb Code     0  startup_stm32f429_439xx.o(.text)
    USART3_IRQHandler                        0x080001db   Thumb Code     0  startup_stm32f429_439xx.o(.text)
    USART6_IRQHandler                        0x080001db   Thumb Code     0  startup_stm32f429_439xx.o(.text)
    WWDG_IRQHandler                          0x080001db   Thumb Code     0  startup_stm32f429_439xx.o(.text)
    xmp3_MULSHIFT32                          0x080001e5   Thumb Code     6  asmmisc.o(.text)
    xmp3_FASTABS                             0x080001eb   Thumb Code    16  asmmisc.o(.text)
    xmp3_PolyphaseStereo                     0x080001fd   Thumb Code  1308  asmpoly_thumb2.o(.text)
    xmp3_PolyphaseMono                       0x08000719   Thumb Code   754  asmpoly_thumb2.o(.text)
    ___aeabi_memcpy8$move                    0x08000a0b   Thumb Code     0  memmovea.o(.text)
    __aeabi_memcpy                           0x08000a0b   Thumb Code    64  memmovea.o(.text)
    __aeabi_memcpy4                          0x08000a0b   Thumb Code     0  memmovea.o(.text)
    __aeabi_memmove                          0x08000a0b   Thumb Code     0  memmovea.o(.text)
    __aeabi_memmove4                         0x08000a0b   Thumb Code     0  memmovea.o(.text)
    __aeabi_memmove8                         0x08000a0b   Thumb Code     0  memmovea.o(.text)
    __aeabi_memset                           0x08000a4b   Thumb Code    14  memseta.o(.text)
    __aeabi_memset4                          0x08000a4b   Thumb Code     0  memseta.o(.text)
    __aeabi_memset8                          0x08000a4b   Thumb Code     0  memseta.o(.text)
    __aeabi_memclr                           0x08000a59   Thumb Code     4  memseta.o(.text)
    __aeabi_memclr4                          0x08000a59   Thumb Code     0  memseta.o(.text)
    __aeabi_memclr8                          0x08000a59   Thumb Code     0  memseta.o(.text)
    _memset$wrapper                          0x08000a5d   Thumb Code    18  memseta.o(.text)
    strstr                                   0x08000a6f   Thumb Code    36  strstr.o(.text)
    __aeabi_uidiv                            0x08000a93   Thumb Code     0  uidiv.o(.text)
    __aeabi_uidivmod                         0x08000a93   Thumb Code    44  uidiv.o(.text)
    __scatterload                            0x08000ac1   Thumb Code    28  init.o(.text)
    __scatterload_rt2                        0x08000ac1   Thumb Code     0  init.o(.text)
    AUDIO_Cpy_Mono                           0x08000ae5   Thumb Code   390  mp3_audio.o(i.AUDIO_Cpy_Mono)
    AUDIO_Init_audio_mode                    0x08000c75   Thumb Code   162  mp3_audio.o(i.AUDIO_Init_audio_mode)
    AUDIO_PlaybackBuffer_GetStatus           0x08000e69   Thumb Code    14  mp3_audio.o(i.AUDIO_PlaybackBuffer_GetStatus)
    AUDIO_Playback_Stop                      0x08000e7d   Thumb Code    18  mp3_audio.o(i.AUDIO_Playback_Stop)
    BusFault_Handler                         0x080010b5   Thumb Code     2  stm32f4xx_it.o(i.BusFault_Handler)
    ClearBuffer                              0x080010e3   Thumb Code    16  buffers.o(i.ClearBuffer)
    DMA2_Stream5_IRQHandler                  0x080010f5   Thumb Code   104  mp3_audio.o(i.DMA2_Stream5_IRQHandler)
    DMA_ClearFlag                            0x0800116d   Thumb Code    32  stm32f4xx_dma.o(i.DMA_ClearFlag)
    DMA_Cmd                                  0x08001199   Thumb Code    20  stm32f4xx_dma.o(i.DMA_Cmd)
    DMA_Configuration                        0x080011ad   Thumb Code   190  mp3_audio.o(i.DMA_Configuration)
    DMA_DeInit                               0x0800127d   Thumb Code   272  stm32f4xx_dma.o(i.DMA_DeInit)
    DMA_GetFlagStatus                        0x080013a1   Thumb Code    40  stm32f4xx_dma.o(i.DMA_GetFlagStatus)
    DMA_ITConfig                             0x080013d5   Thumb Code    44  stm32f4xx_dma.o(i.DMA_ITConfig)
    DMA_Init                                 0x08001401   Thumb Code    80  stm32f4xx_dma.o(i.DMA_Init)
    DebugMon_Handler                         0x08001455   Thumb Code     2  stm32f4xx_it.o(i.DebugMon_Handler)
    FillBuffer                               0x080019e9   Thumb Code   270  mp3_audio.o(i.FillBuffer)
    GPIO_Init                                0x08001c97   Thumb Code   120  stm32f4xx_gpio.o(i.GPIO_Init)
    GPIO_PinAFConfig                         0x08001d0f   Thumb Code    32  stm32f4xx_gpio.o(i.GPIO_PinAFConfig)
    HardFault_Handler                        0x08001d2f   Thumb Code     2  stm32f4xx_it.o(i.HardFault_Handler)
    InitI2C                                  0x08002211   Thumb Code    50  wm8978_i2c.o(i.InitI2C)
    MP3Decode                                0x0800226f   Thumb Code   756  mp3dec.o(i.MP3Decode)
    MP3FindSyncWord                          0x08002563   Thumb Code    44  mp3dec.o(i.MP3FindSyncWord)
    MP3GetLastFrameInfo                      0x08002591   Thumb Code    96  mp3dec.o(i.MP3GetLastFrameInfo)
    MP3InitDecoder                           0x080025f5   Thumb Code     4  mp3dec.o(i.MP3InitDecoder)
    MP3_GetStrResult                         0x080025f9   Thumb Code   136  mp3_audio.o(i.MP3_GetStrResult)
    MemManage_Handler                        0x080027e1   Thumb Code     2  stm32f4xx_it.o(i.MemManage_Handler)
    NMI_Handler                              0x080027e3   Thumb Code     2  stm32f4xx_it.o(i.NMI_Handler)
    NVIC_Init                                0x080027e5   Thumb Code    96  misc.o(i.NVIC_Init)
    PLLSAI_Config                            0x08002849   Thumb Code    86  main.o(i.PLLSAI_Config)
    PendSV_Handler                           0x0800289f   Thumb Code     2  stm32f4xx_it.o(i.PendSV_Handler)
    PlayAudioFile                            0x080028a1   Thumb Code    98  mp3_audio.o(i.PlayAudioFile)
    RCC_AHB1PeriphClockCmd                   0x08002915   Thumb Code    18  stm32f4xx_rcc.o(i.RCC_AHB1PeriphClockCmd)
    RCC_APB2PeriphClockCmd                   0x0800292d   Thumb Code    18  stm32f4xx_rcc.o(i.RCC_APB2PeriphClockCmd)
    RCC_GetClocksFreq                        0x08002945   Thumb Code   132  stm32f4xx_rcc.o(i.RCC_GetClocksFreq)
    RCC_GetFlagStatus                        0x080029d9   Thumb Code    46  stm32f4xx_rcc.o(i.RCC_GetFlagStatus)
    RCC_PLLI2SCmd                            0x08002a0d   Thumb Code     6  stm32f4xx_rcc.o(i.RCC_PLLI2SCmd)
    RCC_PLLI2SConfig                         0x08002a19   Thumb Code    16  stm32f4xx_rcc.o(i.RCC_PLLI2SConfig)
    RCC_PLLSAICmd                            0x08002a2d   Thumb Code     6  stm32f4xx_rcc.o(i.RCC_PLLSAICmd)
    RCC_PLLSAIConfig                         0x08002a39   Thumb Code    16  stm32f4xx_rcc.o(i.RCC_PLLSAIConfig)
    RCC_SAIBlockACLKConfig                   0x08002a4d   Thumb Code    14  stm32f4xx_rcc.o(i.RCC_SAIBlockACLKConfig)
    RCC_SAIBlockBCLKConfig                   0x08002a61   Thumb Code    14  stm32f4xx_rcc.o(i.RCC_SAIBlockBCLKConfig)
    RCC_SAIPLLI2SClkDivConfig                0x08002a75   Thumb Code    16  stm32f4xx_rcc.o(i.RCC_SAIPLLI2SClkDivConfig)
    RCC_SAIPLLSAIClkDivConfig                0x08002a89   Thumb Code    22  stm32f4xx_rcc.o(i.RCC_SAIPLLSAIClkDivConfig)
    Read_ID3V1                               0x08002aa5   Thumb Code    92  mp3_audio.o(i.Read_ID3V1)
    SAI_Cmd                                  0x08002bdd   Thumb Code    20  stm32f4xx_sai.o(i.SAI_Cmd)
    SAI_DMACmd                               0x08002bf1   Thumb Code    20  stm32f4xx_sai.o(i.SAI_DMACmd)
    SAI_FlushFIFO                            0x08002c05   Thumb Code    10  stm32f4xx_sai.o(i.SAI_FlushFIFO)
    SAI_FrameInit                            0x08002c11   Thumb Code    42  stm32f4xx_sai.o(i.SAI_FrameInit)
    SAI_GetCmdStatus                         0x08002ced   Thumb Code    14  stm32f4xx_sai.o(i.SAI_GetCmdStatus)
    SAI_Init                                 0x08002cfd   Thumb Code    62  stm32f4xx_sai.o(i.SAI_Init)
    SAI_SendData                             0x08002dc1   Thumb Code     4  stm32f4xx_sai.o(i.SAI_SendData)
    SAI_SlotInit                             0x08002dc5   Thumb Code    38  stm32f4xx_sai.o(i.SAI_SlotInit)
    SAI_Stop                                 0x08002ded   Thumb Code     8  audio.o(i.SAI_Stop)
    SVC_Handler                              0x08002df9   Thumb Code     2  stm32f4xx_it.o(i.SVC_Handler)
    StartPlay                                0x08002ecd   Thumb Code    72  audio.o(i.StartPlay)
    SysTick_Handler                          0x08002f19   Thumb Code     8  stm32f4xx_it.o(i.SysTick_Handler)
    SystemInit                               0x08002f21   Thumb Code    74  system_stm32f4xx.o(i.SystemInit)
    TimingDelay_Decrement                    0x08002f7d   Thumb Code     2  stm32f4xx_it.o(i.TimingDelay_Decrement)
    USART_Cmd                                0x08002f7f   Thumb Code    20  stm32f4xx_usart.o(i.USART_Cmd)
    USART_Configuration                      0x08002f95   Thumb Code   128  main.o(i.USART_Configuration)
    USART_GetFlagStatus                      0x0800301d   Thumb Code    14  stm32f4xx_usart.o(i.USART_GetFlagStatus)
    USART_Init                               0x0800302d   Thumb Code   164  stm32f4xx_usart.o(i.USART_Init)
    USART_SendData                           0x080030d9   Thumb Code     8  stm32f4xx_usart.o(i.USART_SendData)
    UsageFault_Handler                       0x08003481   Thumb Code     2  stm32f4xx_it.o(i.UsageFault_Handler)
    __0printf$3                              0x080035b5   Thumb Code    22  printf3.o(i.__0printf$3)
    __1printf$3                              0x080035b5   Thumb Code     0  printf3.o(i.__0printf$3)
    __2printf                                0x080035b5   Thumb Code     0  printf3.o(i.__0printf$3)
    __scatterload_copy                       0x080035d5   Thumb Code    14  handlers.o(i.__scatterload_copy)
    __scatterload_null                       0x080035e3   Thumb Code     2  handlers.o(i.__scatterload_null)
    __scatterload_zeroinit                   0x080035e5   Thumb Code    14  handlers.o(i.__scatterload_zeroinit)
    f_lseek                                  0x080037ad   Thumb Code    18  mp3_audio.o(i.f_lseek)
    f_read                                   0x080037c5   Thumb Code    54  mp3_audio.o(i.f_read)
    fputc                                    0x08003805   Thumb Code    42  main.o(i.fputc)
    i2c_CheckDevice                          0x08003835   Thumb Code    46  wm8978_i2c.o(i.i2c_CheckDevice)
    i2c_SendByte                             0x08003875   Thumb Code    78  wm8978_i2c.o(i.i2c_SendByte)
    i2c_Start                                0x080038c9   Thumb Code    36  wm8978_i2c.o(i.i2c_Start)
    i2c_Stop                                 0x080038f1   Thumb Code    24  wm8978_i2c.o(i.i2c_Stop)
    i2c_WaitAck                              0x0800390d   Thumb Code    50  wm8978_i2c.o(i.i2c_WaitAck)
    main                                     0x08003b49   Thumb Code    44  main.o(i.main)
    wm8978_CfgAudioIF                        0x08003b81   Thumb Code    64  wm8978.o(i.wm8978_CfgAudioIF)
    wm8978_CfgAudioPath                      0x08003bc1   Thumb Code   496  wm8978.o(i.wm8978_CfgAudioPath)
    wm8978_Init                              0x08003db1   Thumb Code    28  wm8978.o(i.wm8978_Init)
    wm8978_SetEarVolume                      0x08003e05   Thumb Code    32  wm8978.o(i.wm8978_SetEarVolume)
    wm8978_SetSpkVolume                      0x08003e25   Thumb Code    32  wm8978.o(i.wm8978_SetSpkVolume)
    xmp3_AllocateBuffers                     0x08003e99   Thumb Code   124  buffers.o(i.xmp3_AllocateBuffers)
    xmp3_CalcBitsUsed                        0x08003f31   Thumb Code    14  bitstream.o(i.xmp3_CalcBitsUsed)
    xmp3_CheckPadBit                         0x08003f3f   Thumb Code    22  bitstream.o(i.xmp3_CheckPadBit)
    xmp3_DecodeHuffman                       0x08003f55   Thumb Code   406  huffman.o(i.xmp3_DecodeHuffman)
    xmp3_DequantChannel                      0x080040ed   Thumb Code   494  dqchan.o(i.xmp3_DequantChannel)
    xmp3_Dequantize                          0x080042e1   Thumb Code   488  dequant.o(i.xmp3_Dequantize)
    xmp3_FDCT32                              0x080044c9   Thumb Code  1686  dct32.o(i.xmp3_FDCT32)
    xmp3_GetBits                             0x08004b5f   Thumb Code    66  bitstream.o(i.xmp3_GetBits)
    xmp3_IMDCT                               0x08004ba1   Thumb Code   286  imdct.o(i.xmp3_IMDCT)
    xmp3_IntensityProcMPEG1                  0x08004cc1   Thumb Code   556  stproc.o(i.xmp3_IntensityProcMPEG1)
    xmp3_IntensityProcMPEG2                  0x08004ef5   Thumb Code   554  stproc.o(i.xmp3_IntensityProcMPEG2)
    xmp3_MidSideProc                         0x08005129   Thumb Code    90  stproc.o(i.xmp3_MidSideProc)
    xmp3_SetBitstreamPointer                 0x08005183   Thumb Code    12  bitstream.o(i.xmp3_SetBitstreamPointer)
    xmp3_Subband                             0x08005191   Thumb Code   244  subband.o(i.xmp3_Subband)
    xmp3_UnpackFrameHeader                   0x08005289   Thumb Code   468  bitstream.o(i.xmp3_UnpackFrameHeader)
    xmp3_UnpackScaleFactors                  0x08005475   Thumb Code   246  scalfact.o(i.xmp3_UnpackScaleFactors)
    xmp3_UnpackSideInfo                      0x0800556b   Thumb Code   532  bitstream.o(i.xmp3_UnpackSideInfo)
    xmp3_samplerateTab                       0x08005780   Data          36  mp3tabs.o(.constdata)
    xmp3_bitrateTab                          0x080057a4   Data         270  mp3tabs.o(.constdata)
    xmp3_samplesPerFrameTab                  0x080058b2   Data          18  mp3tabs.o(.constdata)
    xmp3_sideBytesTab                        0x080058c4   Data          12  mp3tabs.o(.constdata)
    xmp3_slotTab                             0x080058d0   Data         270  mp3tabs.o(.constdata)
    xmp3_sfBandTable                         0x080059de   Data         666  mp3tabs.o(.constdata)
    xmp3_huffTable                           0x08005c78   Data        8484  hufftabs.o(.constdata)
    xmp3_huffTabOffset                       0x08007d9c   Data         128  hufftabs.o(.constdata)
    xmp3_huffTabLookup                       0x08007e1c   Data         256  hufftabs.o(.constdata)
    xmp3_quadTable                           0x08007f1c   Data          80  hufftabs.o(.constdata)
    xmp3_quadTabOffset                       0x08007f6c   Data           8  hufftabs.o(.constdata)
    xmp3_quadTabMaxBits                      0x08007f74   Data           8  hufftabs.o(.constdata)
    xmp3_imdctWin                            0x08008050   Data         576  trigtabs.o(.constdata)
    xmp3_ISFMpeg1                            0x08008290   Data          56  trigtabs.o(.constdata)
    xmp3_ISFMpeg2                            0x080082c8   Data         256  trigtabs.o(.constdata)
    xmp3_ISFIIP                              0x080083c8   Data          16  trigtabs.o(.constdata)
    xmp3_csa                                 0x080083d8   Data          64  trigtabs.o(.constdata)
    xmp3_polyCoef                            0x08008418   Data        1056  trigtabs.o(.constdata)
    MP3_DATA                                 0x08008b48   Data       501133  mp3_audio.o(.constdata)
    Region$$Table$$Base                      0x08083218   Number         0  anon$$obj.o(Region$$Table)
    Region$$Table$$Limit                     0x08083238   Number         0  anon$$obj.o(Region$$Table)
    BufferStatus                             0x20000010   Data           1  mp3_audio.o(.data)
    audio_buffer_fill                        0x20000011   Data           1  mp3_audio.o(.data)
    AUDIO_Playback_status                    0x20000012   Data           1  mp3_audio.o(.data)
    AUDIO_Format                             0x20000013   Data           1  mp3_audio.o(.data)
    AUDIO_Length                             0x20000014   Data           1  mp3_audio.o(.data)
    bufferstatus_local                       0x20000015   Data           1  mp3_audio.o(.data)
    Audio_buffer_size                        0x20000016   Data           2  mp3_audio.o(.data)
    AUDIO_Frequency                          0x20000018   Data           2  mp3_audio.o(.data)
    Audio_buffer_index                       0x2000001c   Data           4  mp3_audio.o(.data)
    Audio_buffer_local_size                  0x20000020   Data           4  mp3_audio.o(.data)
    bytesLeft                                0x20000028   Data           4  mp3_audio.o(.data)
    outOfData                                0x2000002c   Data           4  mp3_audio.o(.data)
    Audio_buffer                             0x20000030   Data           4  mp3_audio.o(.data)
    readPtr                                  0x20000034   Data           4  mp3_audio.o(.data)
    MP3Size                                  0x20000038   Data           4  mp3_audio.o(.data)
    MP3_Data_Index                           0x2000003c   Data           4  mp3_audio.o(.data)
    n_Read                                   0x20000040   Data           4  mp3_audio.o(.data)
    __stdout                                 0x200000b8   Data           4  main.o(.data)
    mp3DecInfo                               0x200000bc   Data        2032  buffers.o(.bss)
    sbi                                      0x200008ac   Data        8708  buffers.o(.bss)
    mi                                       0x20002ab0   Data        6944  buffers.o(.bss)
    hi                                       0x200045d0   Data        4624  buffers.o(.bss)
    di                                       0x200057e0   Data         840  buffers.o(.bss)
    sfi                                      0x20005b28   Data         284  buffers.o(.bss)
    si                                       0x20005c44   Data         328  buffers.o(.bss)
    fh                                       0x20005d8c   Data          56  buffers.o(.bss)
    AudioBuffer                              0x20005dc4   Data        9216  mp3_audio.o(.bss)
    mp3FrameInfo                             0x200081c4   Data          28  mp3_audio.o(.bss)
    Audio_buffer_local                       0x200081e0   Data        2048  mp3_audio.o(.bss)
    readBuf                                  0x200089e0   Data        5120  mp3_audio.o(.bss)
    __initial_sp                             0x2000ade0   Data           0  startup_stm32f429_439xx.o(STACK)



==============================================================================

Memory Map of the image

  Image Entry point : 0x080001ad

  Load Region LR_IROM1 (Base: 0x08000000, Size: 0x000832f4, Max: 0x00100000, ABSOLUTE)

    Execution Region ER_IROM1 (Base: 0x08000000, Size: 0x00083238, Max: 0x00100000, ABSOLUTE)

    Base Addr    Size         Type   Attr      Idx    E Section Name        Object

    0x08000000   0x000001ac   Data   RO            3    RESET               startup_stm32f429_439xx.o
    0x080001ac   0x00000000   Code   RO         5833  * .ARM.Collect$$$$00000000  mc_w.l(entry.o)
    0x080001ac   0x00000004   Code   RO         6109    .ARM.Collect$$$$00000001  mc_w.l(entry2.o)
    0x080001b0   0x00000004   Code   RO         6112    .ARM.Collect$$$$00000004  mc_w.l(entry5.o)
    0x080001b4   0x00000000   Code   RO         6114    .ARM.Collect$$$$00000008  mc_w.l(entry7b.o)
    0x080001b4   0x00000000   Code   RO         6116    .ARM.Collect$$$$0000000A  mc_w.l(entry8b.o)
    0x080001b4   0x00000008   Code   RO         6117    .ARM.Collect$$$$0000000B  mc_w.l(entry9a.o)
    0x080001bc   0x00000000   Code   RO         6119    .ARM.Collect$$$$0000000D  mc_w.l(entry10a.o)
    0x080001bc   0x00000000   Code   RO         6121    .ARM.Collect$$$$0000000F  mc_w.l(entry11a.o)
    0x080001bc   0x00000004   Code   RO         6110    .ARM.Collect$$$$00002712  mc_w.l(entry2.o)
    0x080001c0   0x00000024   Code   RO            4    .text               startup_stm32f429_439xx.o
    0x080001e4   0x00000016   Code   RO         5270    .text               asmmisc.o
    0x080001fa   0x00000002   PAD
    0x080001fc   0x0000080e   Code   RO         5274    .text               asmpoly_thumb2.o
    0x08000a0a   0x00000040   Code   RO         5838    .text               mc_w.l(memmovea.o)
    0x08000a4a   0x00000024   Code   RO         5840    .text               mc_w.l(memseta.o)
    0x08000a6e   0x00000024   Code   RO         5842    .text               mc_w.l(strstr.o)
    0x08000a92   0x0000002c   Code   RO         6123    .text               mc_w.l(uidiv.o)
    0x08000abe   0x00000002   PAD
    0x08000ac0   0x00000024   Code   RO         6138    .text               mc_w.l(init.o)
    0x08000ae4   0x00000190   Code   RO         5280    i.AUDIO_Cpy_Mono    mp3_audio.o
    0x08000c74   0x000001f4   Code   RO         5281    i.AUDIO_Init_audio_mode  mp3_audio.o
    0x08000e68   0x00000014   Code   RO         5282    i.AUDIO_PlaybackBuffer_GetStatus  mp3_audio.o
    0x08000e7c   0x0000001c   Code   RO         5283    i.AUDIO_Playback_Stop  mp3_audio.o
    0x08000e98   0x0000021c   Code   RO         5000    i.AntiAlias         imdct.o
    0x080010b4   0x00000002   Code   RO         5721    i.BusFault_Handler  stm32f4xx_it.o
    0x080010b6   0x00000016   Code   RO         5229    i.CLZ               dequant.o
    0x080010cc   0x00000016   Code   RO         5246    i.CLZ               dqchan.o
    0x080010e2   0x00000010   Code   RO         5188    i.ClearBuffer       buffers.o
    0x080010f2   0x00000002   PAD
    0x080010f4   0x00000078   Code   RO         5284    i.DMA2_Stream5_IRQHandler  mp3_audio.o
    0x0800116c   0x0000002c   Code   RO         1113    i.DMA_ClearFlag     stm32f4xx_dma.o
    0x08001198   0x00000014   Code   RO         1115    i.DMA_Cmd           stm32f4xx_dma.o
    0x080011ac   0x000000d0   Code   RO         5285    i.DMA_Configuration  mp3_audio.o
    0x0800127c   0x00000124   Code   RO         1116    i.DMA_DeInit        stm32f4xx_dma.o
    0x080013a0   0x00000034   Code   RO         1124    i.DMA_GetFlagStatus  stm32f4xx_dma.o
    0x080013d4   0x0000002c   Code   RO         1126    i.DMA_ITConfig      stm32f4xx_dma.o
    0x08001400   0x00000054   Code   RO         1127    i.DMA_Init          stm32f4xx_dma.o
    0x08001454   0x00000002   Code   RO         5722    i.DebugMon_Handler  stm32f4xx_it.o
    0x08001456   0x00000002   PAD
    0x08001458   0x000002f8   Code   RO         4956    i.DecodeHuffmanPairs  huffman.o
    0x08001750   0x00000138   Code   RO         4957    i.DecodeHuffmanQuads  huffman.o
    0x08001888   0x00000160   Code   RO         5247    i.DequantBlock      dqchan.o
    0x080019e8   0x00000144   Code   RO         5286    i.FillBuffer        mp3_audio.o
    0x08001b2c   0x0000016a   Code   RO         5001    i.FreqInvertRescale  imdct.o
    0x08001c96   0x00000078   Code   RO         1894    i.GPIO_Init         stm32f4xx_gpio.o
    0x08001d0e   0x00000020   Code   RO         1895    i.GPIO_PinAFConfig  stm32f4xx_gpio.o
    0x08001d2e   0x00000002   Code   RO         5723    i.HardFault_Handler  stm32f4xx_it.o
    0x08001d30   0x00000146   Code   RO         5002    i.HybridTransform   imdct.o
    0x08001e76   0x00000002   PAD
    0x08001e78   0x000001b8   Code   RO         5003    i.IMDCT12x3         imdct.o
    0x08002030   0x000001e0   Code   RO         5004    i.IMDCT36           imdct.o
    0x08002210   0x00000038   Code   RO         5594    i.InitI2C           wm8978_i2c.o
    0x08002248   0x00000026   Code   RO         4878    i.MP3ClearBadFrame  mp3dec.o
    0x0800226e   0x000002f4   Code   RO         4879    i.MP3Decode         mp3dec.o
    0x08002562   0x0000002c   Code   RO         4880    i.MP3FindSyncWord   mp3dec.o
    0x0800258e   0x00000002   PAD
    0x08002590   0x00000064   Code   RO         4882    i.MP3GetLastFrameInfo  mp3dec.o
    0x080025f4   0x00000004   Code   RO         4884    i.MP3InitDecoder    mp3dec.o
    0x080025f8   0x000001e8   Code   RO         5287    i.MP3_GetStrResult  mp3_audio.o
    0x080027e0   0x00000002   Code   RO         5724    i.MemManage_Handler  stm32f4xx_it.o
    0x080027e2   0x00000002   Code   RO         5725    i.NMI_Handler       stm32f4xx_it.o
    0x080027e4   0x00000064   Code   RO           12    i.NVIC_Init         misc.o
    0x08002848   0x00000056   Code   RO         5666    i.PLLSAI_Config     main.o
    0x0800289e   0x00000002   Code   RO         5726    i.PendSV_Handler    stm32f4xx_it.o
    0x080028a0   0x00000074   Code   RO         5288    i.PlayAudioFile     mp3_audio.o
    0x08002914   0x00000018   Code   RO         2755    i.RCC_AHB1PeriphClockCmd  stm32f4xx_rcc.o
    0x0800292c   0x00000018   Code   RO         2767    i.RCC_APB2PeriphClockCmd  stm32f4xx_rcc.o
    0x08002944   0x00000094   Code   RO         2776    i.RCC_GetClocksFreq  stm32f4xx_rcc.o
    0x080029d8   0x00000034   Code   RO         2777    i.RCC_GetFlagStatus  stm32f4xx_rcc.o
    0x08002a0c   0x0000000c   Code   RO         2795    i.RCC_PLLI2SCmd     stm32f4xx_rcc.o
    0x08002a18   0x00000014   Code   RO         2796    i.RCC_PLLI2SConfig  stm32f4xx_rcc.o
    0x08002a2c   0x0000000c   Code   RO         2797    i.RCC_PLLSAICmd     stm32f4xx_rcc.o
    0x08002a38   0x00000014   Code   RO         2798    i.RCC_PLLSAIConfig  stm32f4xx_rcc.o
    0x08002a4c   0x00000014   Code   RO         2801    i.RCC_SAIBlockACLKConfig  stm32f4xx_rcc.o
    0x08002a60   0x00000014   Code   RO         2802    i.RCC_SAIBlockBCLKConfig  stm32f4xx_rcc.o
    0x08002a74   0x00000014   Code   RO         2803    i.RCC_SAIPLLI2SClkDivConfig  stm32f4xx_rcc.o
    0x08002a88   0x0000001c   Code   RO         2804    i.RCC_SAIPLLSAIClkDivConfig  stm32f4xx_rcc.o
    0x08002aa4   0x000000c8   Code   RO         5289    i.Read_ID3V1        mp3_audio.o
    0x08002b6c   0x00000070   Code   RO         5141    i.RefillBitstreamCache  bitstream.o
    0x08002bdc   0x00000014   Code   RO         3507    i.SAI_Cmd           stm32f4xx_sai.o
    0x08002bf0   0x00000014   Code   RO         3509    i.SAI_DMACmd        stm32f4xx_sai.o
    0x08002c04   0x0000000a   Code   RO         3511    i.SAI_FlushFIFO     stm32f4xx_sai.o
    0x08002c0e   0x00000002   PAD
    0x08002c10   0x00000030   Code   RO         3512    i.SAI_FrameInit     stm32f4xx_sai.o
    0x08002c40   0x000000ac   Code   RO         5426    i.SAI_GPIO_Config   audio.o
    0x08002cec   0x0000000e   Code   RO         3514    i.SAI_GetCmdStatus  stm32f4xx_sai.o
    0x08002cfa   0x00000002   PAD
    0x08002cfc   0x00000044   Code   RO         3519    i.SAI_Init          stm32f4xx_sai.o
    0x08002d40   0x00000080   Code   RO         5427    i.SAI_Mode_Config   audio.o
    0x08002dc0   0x00000004   Code   RO         3525    i.SAI_SendData      stm32f4xx_sai.o
    0x08002dc4   0x00000026   Code   RO         3526    i.SAI_SlotInit      stm32f4xx_sai.o
    0x08002dea   0x00000002   PAD
    0x08002dec   0x0000000c   Code   RO         5428    i.SAI_Stop          audio.o
    0x08002df8   0x00000002   Code   RO         5727    i.SVC_Handler       stm32f4xx_it.o
    0x08002dfa   0x00000002   PAD
    0x08002dfc   0x000000d0   Code   RO         5798    i.SetSysClock       system_stm32f4xx.o
    0x08002ecc   0x0000004c   Code   RO         5429    i.StartPlay         audio.o
    0x08002f18   0x00000008   Code   RO         5728    i.SysTick_Handler   stm32f4xx_it.o
    0x08002f20   0x0000005c   Code   RO         5800    i.SystemInit        system_stm32f4xx.o
    0x08002f7c   0x00000002   Code   RO         5729    i.TimingDelay_Decrement  stm32f4xx_it.o
    0x08002f7e   0x00000014   Code   RO         4634    i.USART_Cmd         stm32f4xx_usart.o
    0x08002f92   0x00000002   PAD
    0x08002f94   0x00000088   Code   RO         5667    i.USART_Configuration  main.o
    0x0800301c   0x0000000e   Code   RO         4637    i.USART_GetFlagStatus  stm32f4xx_usart.o
    0x0800302a   0x00000002   PAD
    0x0800302c   0x000000ac   Code   RO         4641    i.USART_Init        stm32f4xx_usart.o
    0x080030d8   0x00000008   Code   RO         4651    i.USART_SendData    stm32f4xx_usart.o
    0x080030e0   0x0000016c   Code   RO         5058    i.UnpackSFMPEG1     scalfact.o
    0x0800324c   0x00000234   Code   RO         5059    i.UnpackSFMPEG2     scalfact.o
    0x08003480   0x00000002   Code   RO         5730    i.UsageFault_Handler  stm32f4xx_it.o
    0x08003482   0x00000002   PAD
    0x08003484   0x00000130   Code   RO         5005    i.WinPrevious       imdct.o
    0x080035b4   0x00000020   Code   RO         5937    i.__0printf$3       mc_w.l(printf3.o)
    0x080035d4   0x0000000e   Code   RO         6150    i.__scatterload_copy  mc_w.l(handlers.o)
    0x080035e2   0x00000002   Code   RO         6151    i.__scatterload_null  mc_w.l(handlers.o)
    0x080035e4   0x0000000e   Code   RO         6152    i.__scatterload_zeroinit  mc_w.l(handlers.o)
    0x080035f2   0x00000002   PAD
    0x080035f4   0x000001b8   Code   RO         5944    i._printf_core      mc_w.l(printf3.o)
    0x080037ac   0x00000018   Code   RO         5358    i.f_lseek           mp3_audio.o
    0x080037c4   0x00000040   Code   RO         5352    i.f_read            mp3_audio.o
    0x08003804   0x00000030   Code   RO         5669    i.fputc             main.o
    0x08003834   0x00000034   Code   RO         5596    i.i2c_CheckDevice   wm8978_i2c.o
    0x08003868   0x0000000c   Code   RO         5597    i.i2c_Delay         wm8978_i2c.o
    0x08003874   0x00000054   Code   RO         5600    i.i2c_SendByte      wm8978_i2c.o
    0x080038c8   0x00000028   Code   RO         5601    i.i2c_Start         wm8978_i2c.o
    0x080038f0   0x0000001c   Code   RO         5602    i.i2c_Stop          wm8978_i2c.o
    0x0800390c   0x00000038   Code   RO         5603    i.i2c_WaitAck       wm8978_i2c.o
    0x08003944   0x00000158   Code   RO         5006    i.idct9             imdct.o
    0x08003a9c   0x000000ac   Code   RO         5007    i.imdct12           imdct.o
    0x08003b48   0x00000038   Code   RO         5670    i.main              main.o
    0x08003b80   0x00000040   Code   RO         5486    i.wm8978_CfgAudioIF  wm8978.o
    0x08003bc0   0x000001f0   Code   RO         5487    i.wm8978_CfgAudioPath  wm8978.o
    0x08003db0   0x0000001c   Code   RO         5489    i.wm8978_Init       wm8978.o
    0x08003dcc   0x00000038   Code   RO         5495    i.wm8978_Reset      wm8978.o
    0x08003e04   0x00000020   Code   RO         5496    i.wm8978_SetEarVolume  wm8978.o
    0x08003e24   0x00000020   Code   RO         5499    i.wm8978_SetSpkVolume  wm8978.o
    0x08003e44   0x00000054   Code   RO         5500    i.wm8978_WriteReg   wm8978.o
    0x08003e98   0x00000098   Code   RO         5189    i.xmp3_AllocateBuffers  buffers.o
    0x08003f30   0x0000000e   Code   RO         5142    i.xmp3_CalcBitsUsed  bitstream.o
    0x08003f3e   0x00000016   Code   RO         5143    i.xmp3_CheckPadBit  bitstream.o
    0x08003f54   0x00000196   Code   RO         4958    i.xmp3_DecodeHuffman  huffman.o
    0x080040ea   0x00000002   PAD
    0x080040ec   0x000001f4   Code   RO         5248    i.xmp3_DequantChannel  dqchan.o
    0x080042e0   0x000001e8   Code   RO         5230    i.xmp3_Dequantize   dequant.o
    0x080044c8   0x00000696   Code   RO         5215    i.xmp3_FDCT32       dct32.o
    0x08004b5e   0x00000042   Code   RO         5144    i.xmp3_GetBits      bitstream.o
    0x08004ba0   0x0000011e   Code   RO         5008    i.xmp3_IMDCT        imdct.o
    0x08004cbe   0x00000002   PAD
    0x08004cc0   0x00000234   Code   RO         5082    i.xmp3_IntensityProcMPEG1  stproc.o
    0x08004ef4   0x00000234   Code   RO         5083    i.xmp3_IntensityProcMPEG2  stproc.o
    0x08005128   0x0000005a   Code   RO         5084    i.xmp3_MidSideProc  stproc.o
    0x08005182   0x0000000c   Code   RO         5145    i.xmp3_SetBitstreamPointer  bitstream.o
    0x0800518e   0x00000002   PAD
    0x08005190   0x000000f8   Code   RO         5109    i.xmp3_Subband      subband.o
    0x08005288   0x000001ec   Code   RO         5146    i.xmp3_UnpackFrameHeader  bitstream.o
    0x08005474   0x000000f6   Code   RO         5060    i.xmp3_UnpackScaleFactors  scalfact.o
    0x0800556a   0x00000214   Code   RO         5147    i.xmp3_UnpackSideInfo  bitstream.o
    0x0800577e   0x00000002   PAD
    0x08005780   0x00000024   Data   RO         4938    .constdata          mp3tabs.o
    0x080057a4   0x0000010e   Data   RO         4939    .constdata          mp3tabs.o
    0x080058b2   0x00000012   Data   RO         4940    .constdata          mp3tabs.o
    0x080058c4   0x0000000c   Data   RO         4942    .constdata          mp3tabs.o
    0x080058d0   0x0000010e   Data   RO         4943    .constdata          mp3tabs.o
    0x080059de   0x0000029a   Data   RO         4944    .constdata          mp3tabs.o
    0x08005c78   0x00002124   Data   RO         4982    .constdata          hufftabs.o
    0x08007d9c   0x00000080   Data   RO         4983    .constdata          hufftabs.o
    0x08007e1c   0x00000100   Data   RO         4984    .constdata          hufftabs.o
    0x08007f1c   0x00000050   Data   RO         4985    .constdata          hufftabs.o
    0x08007f6c   0x00000008   Data   RO         4986    .constdata          hufftabs.o
    0x08007f74   0x00000008   Data   RO         4987    .constdata          hufftabs.o
    0x08007f7c   0x0000006c   Data   RO         5009    .constdata          imdct.o
    0x08007fe8   0x00000068   Data   RO         5061    .constdata          scalfact.o
    0x08008050   0x00000240   Data   RO         5121    .constdata          trigtabs.o
    0x08008290   0x00000038   Data   RO         5122    .constdata          trigtabs.o
    0x080082c8   0x00000100   Data   RO         5123    .constdata          trigtabs.o
    0x080083c8   0x00000010   Data   RO         5124    .constdata          trigtabs.o
    0x080083d8   0x00000040   Data   RO         5126    .constdata          trigtabs.o
    0x08008418   0x00000420   Data   RO         5128    .constdata          trigtabs.o
    0x08008838   0x000000c0   Data   RO         5216    .constdata          dct32.o
    0x080088f8   0x00000250   Data   RO         5249    .constdata          dqchan.o
    0x08008b48   0x0007a58d   Data   RO         5291    .constdata          mp3_audio.o
    0x080830d5   0x00000003   PAD
    0x080830d8   0x00000074   Data   RO         5501    .constdata          wm8978.o
    0x0808314c   0x000000cc   Data   RO         5671    .conststring        main.o
    0x08083218   0x00000020   Data   RO         6148    Region$$Table       anon$$obj.o


    Execution Region RW_IRAM2 (Base: 0x10000000, Size: 0x00000000, Max: 0x00010000, ABSOLUTE)

    **** No section assigned to this execution region ****


    Execution Region RW_IRAM1 (Base: 0x20000000, Size: 0x0000ade0, Max: 0x00030000, ABSOLUTE)

    Base Addr    Size         Type   Attr      Idx    E Section Name        Object

    0x20000000   0x00000010   Data   RW         2808    .data               stm32f4xx_rcc.o
    0x20000010   0x00000034   Data   RW         5292    .data               mp3_audio.o
    0x20000044   0x00000074   Data   RW         5502    .data               wm8978.o
    0x200000b8   0x00000004   Data   RW         5672    .data               main.o
    0x200000bc   0x00005d08   Zero   RW         5191    .bss                buffers.o
    0x20005dc4   0x0000401c   Zero   RW         5290    .bss                mp3_audio.o
    0x20009de0   0x00001000   Zero   RW            1    STACK               startup_stm32f429_439xx.o


==============================================================================

Image component sizes


      Code (inc. data)   RO Data    RW Data    ZI Data      Debug   Object Name

        22          0          0          0          0        488   asmmisc.o
      2062          0          0          0          0        660   asmpoly_thumb2.o
       388         24          0          0          0       2971   audio.o
      1250         24          0          0          0       6980   bitstream.o
       168         28          0          0      23816       2121   buffers.o
      1686          8        192          0          0       3978   dct32.o
       510          0          0          0          0       2526   dequant.o
       874         24        592          0          0       5762   dqchan.o
      1478         28          0          0          0      11279   huffman.o
         0          0       8964          0          0       5836   hufftabs.o
      3254         62        108          0          0      12633   imdct.o
       326         26        204          4          0       4267   main.o
       100          4          0          0          0     292116   misc.o
      2492        952     501133         52      16412      12141   mp3_audio.o
       942          4          0          0          0       8114   mp3dec.o
         0          0       1272          0          0       2093   mp3tabs.o
      1174         12        104          0          0       5242   scalfact.o
        36          8        428          0       4096       1004   startup_stm32f429_439xx.o
       536         48          0          0          0       5981   stm32f4xx_dma.o
       152          0          0          0          0       2091   stm32f4xx_gpio.o
        26          0          0          0          0       5066   stm32f4xx_it.o
       400         76          0         16          0      10622   stm32f4xx_rcc.o
       222         12          0          0          0       5855   stm32f4xx_sai.o
       214          8          0          0          0       3848   stm32f4xx_usart.o
      1218         18          0          0          0       6027   stproc.o
       248          4          0          0          0       1419   subband.o
       300         36          0          0          0       1681   system_stm32f4xx.o
         0          0       2024          0          0       1064   trigtabs.o
       792         14        116        116          0       6103   wm8978.o
       328         32          0          0          0       5010   wm8978_i2c.o

    ----------------------------------------------------------------------
     21230       1452     515172        188      44324     434978   Object Totals
         0          0         32          0          0          0   (incl. Generated)
        32          0          3          0          0          0   (incl. Padding)

    ----------------------------------------------------------------------

      Code (inc. data)   RO Data    RW Data    ZI Data      Debug   Library Member Name

         0          0          0          0          0          0   entry.o
         0          0          0          0          0          0   entry10a.o
         0          0          0          0          0          0   entry11a.o
         8          4          0          0          0          0   entry2.o
         4          0          0          0          0          0   entry5.o
         0          0          0          0          0          0   entry7b.o
         0          0          0          0          0          0   entry8b.o
         8          4          0          0          0          0   entry9a.o
        30          0          0          0          0          0   handlers.o
        36          8          0          0          0         68   init.o
        64          0          0          0          0         76   memmovea.o
        36          0          0          0          0        108   memseta.o
       472         14          0          0          0        184   printf3.o
        36          0          0          0          0         80   strstr.o
        44          0          0          0          0         80   uidiv.o

    ----------------------------------------------------------------------
       742         30          0          0          0        596   Library Totals
         4          0          0          0          0          0   (incl. Padding)

    ----------------------------------------------------------------------

      Code (inc. data)   RO Data    RW Data    ZI Data      Debug   Library Name

       738         30          0          0          0        596   mc_w.l

    ----------------------------------------------------------------------
       742         30          0          0          0        596   Library Totals

    ----------------------------------------------------------------------

==============================================================================


      Code (inc. data)   RO Data    RW Data    ZI Data      Debug   

     21972       1482     515172        188      44324     424270   Grand Totals
     21972       1482     515172        188      44324     424270   ELF Image Totals
     21972       1482     515172        188          0          0   ROM Totals

==============================================================================

    Total RO  Size (Code + RO Data)               537144 ( 524.55kB)
    Total RW  Size (RW Data + ZI Data)             44512 (  43.47kB)
    Total ROM Size (Code + RO Data + RW Data)     537332 ( 524.74kB)

==============================================================================

